Oct 15 00:10:28 showkot-hp-probook-450g2 rsyslogd:  [origin software="rsyslogd" swVersion="8.32.0" x-pid="1169" x-info="http://www.rsyslog.com"] rsyslogd was HUPed
Oct 15 00:12:41 showkot-hp-probook-450g2 dbus-daemon[2272]: [session uid=1000 pid=2272] Activating via systemd: service name='org.gnome.Terminal' unit='gnome-terminal-server.service' requested by ':1.62' (uid=1000 pid=3098 comm="nautilus-desktop " label="unconfined")
Oct 15 00:12:42 showkot-hp-probook-450g2 systemd[2177]: Starting GNOME Terminal Server...
Oct 15 00:12:46 showkot-hp-probook-450g2 dbus-daemon[2272]: [session uid=1000 pid=2272] Successfully activated service 'org.gnome.Terminal'
Oct 15 00:12:46 showkot-hp-probook-450g2 systemd[2177]: Started GNOME Terminal Server.
Oct 15 00:17:03 showkot-hp-probook-450g2 CRON[4471]: (root) CMD (   cd / && run-parts --report /etc/cron.hourly)
Oct 15 00:17:48 showkot-hp-probook-450g2 zeitgeist-daemon[3257]: #033[31m[18:17:48.299087 WARNING]#033[0m zeitgeist-daemon.vala:127: Unable to parse version info!
Oct 15 00:17:49 showkot-hp-probook-450g2 gsd-color[3028]: failed to set screen _ICC_PROFILE: Failed to open file “/var/lib/gdm3/.local/share/icc/edid-ddafe8942ec1ac05654ac1e70ccda6a6.icc”: Permission denied
Oct 15 00:18:16 showkot-hp-probook-450g2 systemd[1]: Reloading.
Oct 15 00:18:21 showkot-hp-probook-450g2 dbus-daemon[2272]: [session uid=1000 pid=2272] Activating service name='org.gnome.gedit' requested by ':1.62' (uid=1000 pid=3098 comm="nautilus-desktop " label="unconfined")
Oct 15 00:18:22 showkot-hp-probook-450g2 dbus-daemon[2272]: [session uid=1000 pid=2272] Successfully activated service 'org.gnome.gedit'
Oct 15 00:18:28 showkot-hp-probook-450g2 systemd[1]: Starting resolvconf-pull-resolved.service...
Oct 15 00:18:28 showkot-hp-probook-450g2 systemd[1]: Mounting Mount unit for core18, revision 1223...
Oct 15 00:18:28 showkot-hp-probook-450g2 systemd[1]: Started resolvconf-pull-resolved.service.
Oct 15 00:18:28 showkot-hp-probook-450g2 systemd[1]: Mounted Mount unit for core18, revision 1223.
Oct 15 00:18:51 showkot-hp-probook-450g2 systemd[1]: Starting Cleanup of Temporary Directories...
Oct 15 00:18:55 showkot-hp-probook-450g2 systemd[1]: Started Cleanup of Temporary Directories.
Oct 15 00:19:01 showkot-hp-probook-450g2 systemd[1]: Reloading.
Oct 15 00:19:01 showkot-hp-probook-450g2 systemd[1]: Starting resolvconf-pull-resolved.service...
Oct 15 00:19:01 showkot-hp-probook-450g2 systemd[1]: Started resolvconf-pull-resolved.service.
Oct 15 00:19:09 showkot-hp-probook-450g2 snapd[1257]: storehelpers.go:436: cannot refresh snap "core18": snap has no updates available
Oct 15 00:20:21 showkot-hp-probook-450g2 org.gnome.Shell.desktop[2896]: [Parent 3306, Gecko_IOThread] WARNING: pipe error (133): Connection reset by peer: file /build/firefox-WlAST4/firefox-69.0.2+build1/ipc/chromium/src/chrome/common/ipc_channel_posix.cc, line 358
Oct 15 00:22:07 showkot-hp-probook-450g2 dbus-daemon[2272]: [session uid=1000 pid=2272] Activating service name='org.freedesktop.FileManager1' requested by ':1.62' (uid=1000 pid=3098 comm="nautilus-desktop " label="unconfined")
Oct 15 00:22:08 showkot-hp-probook-450g2 org.freedesktop.FileManager1[2272]: Initializing nautilus-dropbox 2015.10.28
Oct 15 00:22:08 showkot-hp-probook-450g2 dbus-daemon[2272]: [session uid=1000 pid=2272] Successfully activated service 'org.freedesktop.FileManager1'
Oct 15 00:22:09 showkot-hp-probook-450g2 dbus-daemon[1202]: [system] Activating via systemd: service name='org.freedesktop.hostname1' unit='dbus-org.freedesktop.hostname1.service' requested by ':1.260' (uid=1000 pid=4736 comm="/usr/bin/nautilus --gapplication-service " label="unconfined")
Oct 15 00:22:09 showkot-hp-probook-450g2 systemd[1]: Starting Hostname Service...
Oct 15 00:22:10 showkot-hp-probook-450g2 dbus-daemon[1202]: [system] Successfully activated service 'org.freedesktop.hostname1'
Oct 15 00:22:10 showkot-hp-probook-450g2 systemd[1]: Started Hostname Service.
Oct 15 00:22:11 showkot-hp-probook-450g2 nautilus[4736]: Called "net usershare info" but it failed: Failed to execute child process “net” (No such file or directory)
Oct 15 00:22:24 showkot-hp-probook-450g2 gnome-shell[2896]: Some code accessed the property 'WindowPreviewMenu' on the module 'windowPreview'. That property was defined with 'let' or 'const' inside the module. This was previously supported, but is not correct according to the ES6 standard. Any symbols to be exported from a module must be defined with 'var'. The property access will work as previously for the time being, but please fix your code anyway.
Oct 15 00:22:40 showkot-hp-probook-450g2 zeitgeist-daemon[3257]: #033[31m[18:22:40.043841 WARNING]#033[0m zeitgeist-daemon.vala:127: Unable to parse version info!
Oct 15 00:23:03 showkot-hp-probook-450g2 anacron[1171]: Job `cron.daily' terminated
Oct 15 00:23:03 showkot-hp-probook-450g2 anacron[1171]: Normal exit (1 job run)
Oct 15 00:28:14 showkot-hp-probook-450g2 dbus-daemon[1202]: [system] Activating via systemd: service name='org.freedesktop.hostname1' unit='dbus-org.freedesktop.hostname1.service' requested by ':1.263' (uid=1000 pid=3306 comm="/usr/lib/firefox/firefox -new-window " label="unconfined")
Oct 15 00:28:18 showkot-hp-probook-450g2 systemd[1]: Starting Hostname Service...
Oct 15 00:28:18 showkot-hp-probook-450g2 dbus-daemon[1202]: [system] Successfully activated service 'org.freedesktop.hostname1'
Oct 15 00:28:18 showkot-hp-probook-450g2 systemd[1]: Started Hostname Service.
Oct 15 00:28:24 showkot-hp-probook-450g2 gvfsd[2874]: mkdir failed on directory /var/cache/samba: Permission denied
Oct 15 00:28:24 showkot-hp-probook-450g2 kernel: [ 1480.784626] nf_conntrack: default automatic helper assignment has been turned off for security reasons and CT-based  firewall rule not found. Use the iptables CT target to attach helpers instead.
Oct 15 00:28:29 showkot-hp-probook-450g2 gvfsd[2874]: message repeated 11 times: [ mkdir failed on directory /var/cache/samba: Permission denied]
Oct 15 00:29:36 showkot-hp-probook-450g2 org.gnome.Shell.desktop[2896]: [Parent 3306, Gecko_IOThread] WARNING: pipe error (197): Connection reset by peer: file /build/firefox-WlAST4/firefox-69.0.2+build1/ipc/chromium/src/chrome/common/ipc_channel_posix.cc, line 358
Oct 15 00:29:36 showkot-hp-probook-450g2 org.gnome.Shell.desktop[2896]: [Parent 3306, Gecko_IOThread] WARNING: pipe error (112): Connection reset by peer: file /build/firefox-WlAST4/firefox-69.0.2+build1/ipc/chromium/src/chrome/common/ipc_channel_posix.cc, line 358
Oct 15 00:31:52 showkot-hp-probook-450g2 org.gnome.Shell.desktop[2896]: [Parent 3306, Gecko_IOThread] WARNING: pipe error (121): Connection reset by peer: file /build/firefox-WlAST4/firefox-69.0.2+build1/ipc/chromium/src/chrome/common/ipc_channel_posix.cc, line 358
Oct 15 00:31:52 showkot-hp-probook-450g2 org.gnome.Shell.desktop[2896]: [Parent 3306, Gecko_IOThread] WARNING: pipe error (223): Connection reset by peer: file /build/firefox-WlAST4/firefox-69.0.2+build1/ipc/chromium/src/chrome/common/ipc_channel_posix.cc, line 358
Oct 15 00:33:34 showkot-hp-probook-450g2 nautilus[4736]: gtk_revealer_set_reveal_child: assertion 'GTK_IS_REVEALER (revealer)' failed
Oct 15 00:33:48 showkot-hp-probook-450g2 nautilus[4736]: gtk_revealer_set_reveal_child: assertion 'GTK_IS_REVEALER (revealer)' failed
Oct 15 00:33:51 showkot-hp-probook-450g2 dbus-daemon[2272]: [session uid=1000 pid=2272] Activating service name='org.gnome.gedit' requested by ':1.98' (uid=1000 pid=4736 comm="/usr/bin/nautilus --gapplication-service " label="unconfined")
Oct 15 00:33:52 showkot-hp-probook-450g2 dbus-daemon[2272]: [session uid=1000 pid=2272] Successfully activated service 'org.gnome.gedit'
Oct 15 00:35:01 showkot-hp-probook-450g2 dbus-daemon[2272]: [session uid=1000 pid=2272] Activating via systemd: service name='org.gnome.Terminal' unit='gnome-terminal-server.service' requested by ':1.98' (uid=1000 pid=4736 comm="/usr/bin/nautilus --gapplication-service " label="unconfined")
Oct 15 00:35:02 showkot-hp-probook-450g2 systemd[2177]: Starting GNOME Terminal Server...
Oct 15 00:35:03 showkot-hp-probook-450g2 dbus-daemon[2272]: [session uid=1000 pid=2272] Successfully activated service 'org.gnome.Terminal'
Oct 15 00:35:03 showkot-hp-probook-450g2 systemd[2177]: Started GNOME Terminal Server.
Oct 15 00:35:29 showkot-hp-probook-450g2 nautilus[4736]: gtk_label_set_markup: assertion 'GTK_IS_LABEL (label)' failed
Oct 15 00:35:29 showkot-hp-probook-450g2 nautilus[4736]: gtk_revealer_set_reveal_child: assertion 'GTK_IS_REVEALER (revealer)' failed
Oct 15 00:35:36 showkot-hp-probook-450g2 nautilus[4736]: gtk_revealer_set_reveal_child: assertion 'GTK_IS_REVEALER (revealer)' failed
Oct 15 00:35:46 showkot-hp-probook-450g2 dbus-daemon[2272]: [session uid=1000 pid=2272] Activating service name='org.gnome.gedit' requested by ':1.98' (uid=1000 pid=4736 comm="/usr/bin/nautilus --gapplication-service " label="unconfined")
Oct 15 00:35:46 showkot-hp-probook-450g2 dbus-daemon[2272]: [session uid=1000 pid=2272] Successfully activated service 'org.gnome.gedit'
Oct 15 00:38:29 showkot-hp-probook-450g2 org.freedesktop.FileManager1[2272]: #033[90m[main 2019-10-14T18:38:29.804Z]#033[0m update#setState idle
Oct 15 00:38:37 showkot-hp-probook-450g2 org.freedesktop.FileManager1[2272]: bash: cannot set terminal process group (-1): Inappropriate ioctl for device
Oct 15 00:38:37 showkot-hp-probook-450g2 org.freedesktop.FileManager1[2272]: bash: no job control in this shell
Oct 15 00:38:59 showkot-hp-probook-450g2 org.freedesktop.FileManager1[2272]: #033[90m[main 2019-10-14T18:38:59.808Z]#033[0m update#setState checking for updates
Oct 15 00:39:03 showkot-hp-probook-450g2 CRON[5502]: (root) CMD (  [ -x /usr/lib/php/sessionclean ] && if [ ! -d /run/systemd/system ]; then /usr/lib/php/sessionclean; fi)
Oct 15 00:39:03 showkot-hp-probook-450g2 systemd[1]: Starting Clean php session files...
Oct 15 00:39:07 showkot-hp-probook-450g2 org.freedesktop.FileManager1[2272]: #033[90m[main 2019-10-14T18:39:07.192Z]#033[0m update#setState available for download
Oct 15 00:39:24 showkot-hp-probook-450g2 systemd[1]: Started Clean php session files.
Oct 15 00:44:47 showkot-hp-probook-450g2 nautilus[4736]: gtk_revealer_set_reveal_child: assertion 'GTK_IS_REVEALER (revealer)' failed
Oct 15 00:44:52 showkot-hp-probook-450g2 nautilus[4736]: gtk_revealer_set_reveal_child: assertion 'GTK_IS_REVEALER (revealer)' failed
Oct 15 00:44:59 showkot-hp-probook-450g2 dbus-daemon[2272]: [session uid=1000 pid=2272] Activating via systemd: service name='org.gnome.Terminal' unit='gnome-terminal-server.service' requested by ':1.98' (uid=1000 pid=4736 comm="/usr/bin/nautilus --gapplication-service " label="unconfined")
Oct 15 00:44:59 showkot-hp-probook-450g2 systemd[2177]: Starting GNOME Terminal Server...
Oct 15 00:44:59 showkot-hp-probook-450g2 dbus-daemon[2272]: [session uid=1000 pid=2272] Successfully activated service 'org.gnome.Terminal'
Oct 15 00:44:59 showkot-hp-probook-450g2 systemd[2177]: Started GNOME Terminal Server.
Oct 15 00:45:57 showkot-hp-probook-450g2 dbus-daemon[2272]: [session uid=1000 pid=2272] Activating via systemd: service name='org.gnome.Terminal' unit='gnome-terminal-server.service' requested by ':1.98' (uid=1000 pid=4736 comm="/usr/bin/nautilus --gapplication-service " label="unconfined")
Oct 15 00:45:57 showkot-hp-probook-450g2 systemd[2177]: Starting GNOME Terminal Server...
Oct 15 00:45:57 showkot-hp-probook-450g2 dbus-daemon[2272]: [session uid=1000 pid=2272] Successfully activated service 'org.gnome.Terminal'
Oct 15 00:45:57 showkot-hp-probook-450g2 systemd[2177]: Started GNOME Terminal Server.
Oct 15 00:46:42 showkot-hp-probook-450g2 dbus-daemon[2272]: [session uid=1000 pid=2272] Activating service name='org.gnome.gedit' requested by ':1.98' (uid=1000 pid=4736 comm="/usr/bin/nautilus --gapplication-service " label="unconfined")
Oct 15 00:46:42 showkot-hp-probook-450g2 dbus-daemon[2272]: [session uid=1000 pid=2272] Successfully activated service 'org.gnome.gedit'
Oct 15 00:47:17 showkot-hp-probook-450g2 dbus-daemon[2272]: [session uid=1000 pid=2272] Activating via systemd: service name='org.gnome.Terminal' unit='gnome-terminal-server.service' requested by ':1.98' (uid=1000 pid=4736 comm="/usr/bin/nautilus --gapplication-service " label="unconfined")
Oct 15 00:47:17 showkot-hp-probook-450g2 systemd[2177]: Starting GNOME Terminal Server...
Oct 15 00:47:17 showkot-hp-probook-450g2 dbus-daemon[2272]: [session uid=1000 pid=2272] Successfully activated service 'org.gnome.Terminal'
Oct 15 00:47:17 showkot-hp-probook-450g2 systemd[2177]: Started GNOME Terminal Server.
Oct 15 00:47:38 showkot-hp-probook-450g2 dbus-daemon[2272]: [session uid=1000 pid=2272] Activating service name='org.gnome.gedit' requested by ':1.98' (uid=1000 pid=4736 comm="/usr/bin/nautilus --gapplication-service " label="unconfined")
Oct 15 00:47:38 showkot-hp-probook-450g2 dbus-daemon[2272]: [session uid=1000 pid=2272] Successfully activated service 'org.gnome.gedit'
Oct 15 00:47:51 showkot-hp-probook-450g2 gvfsd-trash[3142]: *** Unsupported operation detected on trash directory
Oct 15 00:47:51 showkot-hp-probook-450g2 nautilus[4736]: gtk_label_set_markup: assertion 'GTK_IS_LABEL (label)' failed
Oct 15 00:47:51 showkot-hp-probook-450g2 gvfsd-trash[3142]:     A trash files/ directory should only have files linked or unlinked (via moves or deletes).  Some other operation has been detected on a file in the directory (eg: a file has been modified).  Likely, the data reported by the trash backend will now be inconsistent.
Oct 15 00:47:51 showkot-hp-probook-450g2 nautilus[4736]: gtk_revealer_set_reveal_child: assertion 'GTK_IS_REVEALER (revealer)' failed
Oct 15 00:47:51 showkot-hp-probook-450g2 gvfsd-trash[3142]:   dir: /home/showkot/.local/share/Trash/files, file: 100.txt, type: 0#012
Oct 15 00:47:51 showkot-hp-probook-450g2 gvfsd-trash[3142]: *** Unsupported operation detected on trash directory
Oct 15 00:47:51 showkot-hp-probook-450g2 gvfsd-trash[3142]:   dir: /home/showkot/.local/share/Trash/files, file: 100.txt, type: 0#012
Oct 15 00:47:55 showkot-hp-probook-450g2 gvfsd-trash[3142]: *** Unsupported operation detected on trash directory
Oct 15 00:47:55 showkot-hp-probook-450g2 nautilus[4736]: gtk_label_set_markup: assertion 'GTK_IS_LABEL (label)' failed
Oct 15 00:47:55 showkot-hp-probook-450g2 nautilus[4736]: gtk_revealer_set_reveal_child: assertion 'GTK_IS_REVEALER (revealer)' failed
Oct 15 00:47:55 showkot-hp-probook-450g2 gvfsd-trash[3142]:   dir: /home/showkot/.local/share/Trash/files, file: 100.2.txt, type: 0#012
Oct 15 00:47:55 showkot-hp-probook-450g2 gvfsd-trash[3142]: *** Unsupported operation detected on trash directory
Oct 15 00:47:55 showkot-hp-probook-450g2 gvfsd-trash[3142]:   dir: /home/showkot/.local/share/Trash/files, file: 100.2.txt, type: 0#012
Oct 15 00:47:57 showkot-hp-probook-450g2 nautilus[4736]: gtk_revealer_set_reveal_child: assertion 'GTK_IS_REVEALER (revealer)' failed
Oct 15 00:48:22 showkot-hp-probook-450g2 gvfsd-trash[3142]: *** Unsupported operation detected on trash directory
Oct 15 00:48:22 showkot-hp-probook-450g2 gvfsd-trash[3142]:   dir: /home/showkot/.local/share/Trash/files, file: 100.3.txt, type: 0#012
Oct 15 00:48:22 showkot-hp-probook-450g2 nautilus[4736]: gtk_label_set_markup: assertion 'GTK_IS_LABEL (label)' failed
Oct 15 00:48:22 showkot-hp-probook-450g2 nautilus[4736]: gtk_revealer_set_reveal_child: assertion 'GTK_IS_REVEALER (revealer)' failed
Oct 15 00:48:22 showkot-hp-probook-450g2 gvfsd-trash[3142]: *** Unsupported operation detected on trash directory
Oct 15 00:48:22 showkot-hp-probook-450g2 gvfsd-trash[3142]:   dir: /home/showkot/.local/share/Trash/files, file: 100.3.txt, type: 0#012
Oct 15 00:48:28 showkot-hp-probook-450g2 nautilus[4736]: gtk_revealer_set_reveal_child: assertion 'GTK_IS_REVEALER (revealer)' failed
Oct 15 00:48:28 showkot-hp-probook-450g2 gvfsd-trash[3142]: *** Unsupported operation detected on trash directory
Oct 15 00:48:28 showkot-hp-probook-450g2 gvfsd-trash[3142]:   dir: /home/showkot/.local/share/Trash/files, file: 100.4.txt, type: 0#012
Oct 15 00:48:28 showkot-hp-probook-450g2 nautilus[4736]: gtk_label_set_markup: assertion 'GTK_IS_LABEL (label)' failed
Oct 15 00:48:28 showkot-hp-probook-450g2 nautilus[4736]: gtk_revealer_set_reveal_child: assertion 'GTK_IS_REVEALER (revealer)' failed
Oct 15 00:48:28 showkot-hp-probook-450g2 gvfsd-trash[3142]: *** Unsupported operation detected on trash directory
Oct 15 00:48:28 showkot-hp-probook-450g2 gvfsd-trash[3142]:   dir: /home/showkot/.local/share/Trash/files, file: 100.4.txt, type: 0#012
Oct 15 00:48:31 showkot-hp-probook-450g2 gvfsd-trash[3142]: *** Unsupported operation detected on trash directory
Oct 15 00:48:31 showkot-hp-probook-450g2 gvfsd-trash[3142]:   dir: /home/showkot/.local/share/Trash/files, file: 100.5.txt, type: 0#012
Oct 15 00:48:31 showkot-hp-probook-450g2 nautilus[4736]: gtk_label_set_markup: assertion 'GTK_IS_LABEL (label)' failed
Oct 15 00:48:31 showkot-hp-probook-450g2 nautilus[4736]: gtk_revealer_set_reveal_child: assertion 'GTK_IS_REVEALER (revealer)' failed
Oct 15 00:48:31 showkot-hp-probook-450g2 gvfsd-trash[3142]: *** Unsupported operation detected on trash directory
Oct 15 00:48:31 showkot-hp-probook-450g2 gvfsd-trash[3142]:   dir: /home/showkot/.local/share/Trash/files, file: 100.5.txt, type: 0#012
Oct 15 00:48:35 showkot-hp-probook-450g2 nautilus[4736]: gtk_revealer_set_reveal_child: assertion 'GTK_IS_REVEALER (revealer)' failed
Oct 15 00:49:23 showkot-hp-probook-450g2 dbus-daemon[2272]: [session uid=1000 pid=2272] Activating via systemd: service name='org.gnome.Terminal' unit='gnome-terminal-server.service' requested by ':1.98' (uid=1000 pid=4736 comm="/usr/bin/nautilus --gapplication-service " label="unconfined")
Oct 15 00:49:23 showkot-hp-probook-450g2 systemd[2177]: Starting GNOME Terminal Server...
Oct 15 00:49:23 showkot-hp-probook-450g2 dbus-daemon[2272]: [session uid=1000 pid=2272] Successfully activated service 'org.gnome.Terminal'
Oct 15 00:49:23 showkot-hp-probook-450g2 systemd[2177]: Started GNOME Terminal Server.
Oct 15 00:49:28 showkot-hp-probook-450g2 org.gnome.Shell.desktop[2896]: Window manager warning: Buggy client sent a _NET_ACTIVE_WINDOW message with a timestamp of 0 for 0x3800084 (file.py (~)
Oct 15 00:50:16 showkot-hp-probook-450g2 org.gnome.Shell.desktop[2896]: Window manager warning: Buggy client sent a _NET_ACTIVE_WINDOW message with a timestamp of 0 for 0x3800084 (file.py (~)
Oct 15 00:51:17 showkot-hp-probook-450g2 org.gnome.Shell.desktop[2896]: [Parent 3306, Gecko_IOThread] WARNING: pipe error (278): Connection reset by peer: file /build/firefox-WlAST4/firefox-69.0.2+build1/ipc/chromium/src/chrome/common/ipc_channel_posix.cc, line 358
Oct 15 00:51:17 showkot-hp-probook-450g2 org.gnome.Shell.desktop[2896]: [Parent 3306, Gecko_IOThread] WARNING: pipe error (60): Connection reset by peer: file /build/firefox-WlAST4/firefox-69.0.2+build1/ipc/chromium/src/chrome/common/ipc_channel_posix.cc, line 358
Oct 15 00:51:52 showkot-hp-probook-450g2 dbus-daemon[2272]: [session uid=1000 pid=2272] Activating service name='org.gnome.gedit' requested by ':1.98' (uid=1000 pid=4736 comm="/usr/bin/nautilus --gapplication-service " label="unconfined")
Oct 15 00:51:52 showkot-hp-probook-450g2 dbus-daemon[2272]: [session uid=1000 pid=2272] Successfully activated service 'org.gnome.gedit'
Oct 15 00:52:31 showkot-hp-probook-450g2 dbus-daemon[2272]: [session uid=1000 pid=2272] Activating via systemd: service name='org.gnome.Terminal' unit='gnome-terminal-server.service' requested by ':1.98' (uid=1000 pid=4736 comm="/usr/bin/nautilus --gapplication-service " label="unconfined")
Oct 15 00:52:31 showkot-hp-probook-450g2 systemd[2177]: Starting GNOME Terminal Server...
Oct 15 00:52:31 showkot-hp-probook-450g2 dbus-daemon[2272]: [session uid=1000 pid=2272] Successfully activated service 'org.gnome.Terminal'
Oct 15 00:52:31 showkot-hp-probook-450g2 systemd[2177]: Started GNOME Terminal Server.
Oct 15 00:52:41 showkot-hp-probook-450g2 dbus-daemon[2272]: [session uid=1000 pid=2272] Activating service name='org.gnome.gedit' requested by ':1.98' (uid=1000 pid=4736 comm="/usr/bin/nautilus --gapplication-service " label="unconfined")
Oct 15 00:52:41 showkot-hp-probook-450g2 dbus-daemon[2272]: [session uid=1000 pid=2272] Successfully activated service 'org.gnome.gedit'
Oct 15 00:52:49 showkot-hp-probook-450g2 dbus-daemon[2272]: [session uid=1000 pid=2272] Activating service name='org.gnome.gedit' requested by ':1.98' (uid=1000 pid=4736 comm="/usr/bin/nautilus --gapplication-service " label="unconfined")
Oct 15 00:52:49 showkot-hp-probook-450g2 dbus-daemon[2272]: [session uid=1000 pid=2272] Successfully activated service 'org.gnome.gedit'
Oct 15 00:53:42 showkot-hp-probook-450g2 nautilus[4736]: gtk_revealer_set_reveal_child: assertion 'GTK_IS_REVEALER (revealer)' failed
Oct 15 00:53:47 showkot-hp-probook-450g2 nautilus[4736]: gtk_revealer_set_reveal_child: assertion 'GTK_IS_REVEALER (revealer)' failed
Oct 15 00:54:00 showkot-hp-probook-450g2 dbus-daemon[2272]: [session uid=1000 pid=2272] Activating service name='org.gnome.gedit' requested by ':1.98' (uid=1000 pid=4736 comm="/usr/bin/nautilus --gapplication-service " label="unconfined")
Oct 15 00:54:00 showkot-hp-probook-450g2 dbus-daemon[2272]: [session uid=1000 pid=2272] Successfully activated service 'org.gnome.gedit'
Oct 15 00:55:10 showkot-hp-probook-450g2 nautilus[4736]: gtk_revealer_set_reveal_child: assertion 'GTK_IS_REVEALER (revealer)' failed
Oct 15 00:56:27 showkot-hp-probook-450g2 nautilus[4736]: message repeated 3 times: [ gtk_revealer_set_reveal_child: assertion 'GTK_IS_REVEALER (revealer)' failed]
Oct 15 00:56:51 showkot-hp-probook-450g2 dbus-daemon[2272]: [session uid=1000 pid=2272] Activating service name='org.gnome.gedit' requested by ':1.98' (uid=1000 pid=4736 comm="/usr/bin/nautilus --gapplication-service " label="unconfined")
Oct 15 00:56:51 showkot-hp-probook-450g2 dbus-daemon[2272]: [session uid=1000 pid=2272] Successfully activated service 'org.gnome.gedit'
Oct 15 00:57:46 showkot-hp-probook-450g2 dbus-daemon[2272]: [session uid=1000 pid=2272] Activating service name='org.gnome.gedit' requested by ':1.98' (uid=1000 pid=4736 comm="/usr/bin/nautilus --gapplication-service " label="unconfined")
Oct 15 00:57:46 showkot-hp-probook-450g2 dbus-daemon[2272]: [session uid=1000 pid=2272] Successfully activated service 'org.gnome.gedit'
Oct 15 00:58:24 showkot-hp-probook-450g2 nautilus[4736]: gtk_revealer_set_reveal_child: assertion 'GTK_IS_REVEALER (revealer)' failed
Oct 15 01:01:08 showkot-hp-probook-450g2 nautilus[4736]: message repeated 3 times: [ gtk_revealer_set_reveal_child: assertion 'GTK_IS_REVEALER (revealer)' failed]
Oct 15 01:02:37 showkot-hp-probook-450g2 systemd[1]: Started Run anacron jobs.
Oct 15 01:02:39 showkot-hp-probook-450g2 anacron[19180]: Anacron 2.3 started on 2019-10-15
Oct 15 01:02:40 showkot-hp-probook-450g2 anacron[19180]: Normal exit (0 jobs run)
Oct 15 01:06:22 showkot-hp-probook-450g2 nautilus[4736]: gtk_revealer_set_reveal_child: assertion 'GTK_IS_REVEALER (revealer)' failed
Oct 15 01:06:26 showkot-hp-probook-450g2 nautilus[4736]: gtk_revealer_set_reveal_child: assertion 'GTK_IS_REVEALER (revealer)' failed
Oct 15 01:07:40 showkot-hp-probook-450g2 dbus-daemon[2272]: [session uid=1000 pid=2272] Activating via systemd: service name='org.gnome.Terminal' unit='gnome-terminal-server.service' requested by ':1.98' (uid=1000 pid=4736 comm="/usr/bin/nautilus --gapplication-service " label="unconfined")
Oct 15 01:07:41 showkot-hp-probook-450g2 systemd[2177]: gnome-terminal-server.service: Found left-over process 19091 (multichaind) in control group while starting unit. Ignoring.
Oct 15 01:07:41 showkot-hp-probook-450g2 systemd[2177]: This usually indicates unclean termination of a previous run, or service implementation deficiencies.
Oct 15 01:07:41 showkot-hp-probook-450g2 systemd[2177]: Starting GNOME Terminal Server...
Oct 15 01:07:41 showkot-hp-probook-450g2 dbus-daemon[2272]: [session uid=1000 pid=2272] Successfully activated service 'org.gnome.Terminal'
Oct 15 01:07:41 showkot-hp-probook-450g2 systemd[2177]: Started GNOME Terminal Server.
Oct 15 01:08:55 showkot-hp-probook-450g2 nautilus[4736]: gtk_revealer_set_reveal_child: assertion 'GTK_IS_REVEALER (revealer)' failed
Oct 15 01:08:58 showkot-hp-probook-450g2 nautilus[4736]: gtk_revealer_set_reveal_child: assertion 'GTK_IS_REVEALER (revealer)' failed
Oct 15 01:09:05 showkot-hp-probook-450g2 CRON[19611]: (root) CMD (  [ -x /usr/lib/php/sessionclean ] && if [ ! -d /run/systemd/system ]; then /usr/lib/php/sessionclean; fi)
Oct 15 01:09:22 showkot-hp-probook-450g2 nautilus[4736]: gtk_revealer_set_reveal_child: assertion 'GTK_IS_REVEALER (revealer)' failed
Oct 15 01:09:27 showkot-hp-probook-450g2 nautilus[4736]: gtk_revealer_set_reveal_child: assertion 'GTK_IS_REVEALER (revealer)' failed
Oct 15 01:09:27 showkot-hp-probook-450g2 systemd[1]: Starting Clean php session files...
Oct 15 01:09:40 showkot-hp-probook-450g2 systemd[1]: Started Clean php session files.
Oct 15 01:10:17 showkot-hp-probook-450g2 nautilus[4736]: gtk_revealer_set_reveal_child: assertion 'GTK_IS_REVEALER (revealer)' failed
Oct 15 01:14:20 showkot-hp-probook-450g2 nautilus[4736]: message repeated 8 times: [ gtk_revealer_set_reveal_child: assertion 'GTK_IS_REVEALER (revealer)' failed]
Oct 15 01:14:55 showkot-hp-probook-450g2 dbus-daemon[2272]: [session uid=1000 pid=2272] Activating service name='org.gnome.gedit' requested by ':1.98' (uid=1000 pid=4736 comm="/usr/bin/nautilus --gapplication-service " label="unconfined")
Oct 15 01:14:57 showkot-hp-probook-450g2 dbus-daemon[2272]: [session uid=1000 pid=2272] Successfully activated service 'org.gnome.gedit'
Oct 15 01:17:02 showkot-hp-probook-450g2 CRON[20529]: (root) CMD (   cd / && run-parts --report /etc/cron.hourly)
Oct 15 01:21:29 showkot-hp-probook-450g2 org.gnome.Shell.desktop[2896]: [Parent 3306, Gecko_IOThread] WARNING: pipe error (135): Connection reset by peer: file /build/firefox-WlAST4/firefox-69.0.2+build1/ipc/chromium/src/chrome/common/ipc_channel_posix.cc, line 358
Oct 15 01:21:38 showkot-hp-probook-450g2 gnome-session[2289]: gnome-session-binary[2289]: WARNING: Client '/org/gnome/SessionManager/Client27' failed to reply before timeout
Oct 15 01:21:41 showkot-hp-probook-450g2 gnome-session-binary[2289]: WARNING: Client '/org/gnome/SessionManager/Client27' failed to reply before timeout
Oct 15 01:21:42 showkot-hp-probook-450g2 gnome-session[2289]: gnome-session-binary[2289]: WARNING: Client '/org/gnome/SessionManager/Client25' failed to reply before timeout
Oct 15 01:21:42 showkot-hp-probook-450g2 gnome-session-binary[2289]: WARNING: Client '/org/gnome/SessionManager/Client25' failed to reply before timeout
Oct 15 01:21:46 showkot-hp-probook-450g2 gnome-shell[2896]: gnome-session gave us a dead inhibitor: /org/gnome/SessionManager/Inhibitor41
Oct 15 01:21:48 showkot-hp-probook-450g2 pulseaudio[1788]: W: [pulseaudio] sink-input.c: Failed to create sink input: sink is suspended.
Oct 15 01:21:49 showkot-hp-probook-450g2 kernel: [ 4685.446367] rfkill: input handler enabled
Oct 15 01:21:50 showkot-hp-probook-450g2 [2999]: Source ID 2 was not found when attempting to remove it
Oct 15 01:21:51 showkot-hp-probook-450g2 org.gnome.Shell.desktop[2896]: == Stack trace for context 0x55842363c320 ==
Oct 15 01:21:51 showkot-hp-probook-450g2 gvfsd[2874]: A connection to the bus can't be made
Oct 15 01:21:53 showkot-hp-probook-450g2 gnome-shell[2896]: [AppIndicatorSupport-DEBUG] Lost nameorg.kde.StatusNotifierWatcher
Oct 15 01:21:53 showkot-hp-probook-450g2 gnome-session[2289]: gnome-session-binary[2289]: WARNING: Unable to open shell end session dialog: The connection is closed
Oct 15 01:21:53 showkot-hp-probook-450g2 gnome-session[2289]: gnome-session-binary[2289]: WARNING: Lost name on bus: org.gnome.SessionManager
Oct 15 01:21:53 showkot-hp-probook-450g2 gnome-session[2289]: gnome-session-binary[2289]: CRITICAL: We failed, but the fail whale is dead. Sorry....
Oct 15 01:21:53 showkot-hp-probook-450g2 gnome-session-binary[2289]: WARNING: Unable to open shell end session dialog: The connection is closed
Oct 15 01:21:53 showkot-hp-probook-450g2 zeitgeist-daemon[3257]: #033[31m[19:21:52.346938 WARNING]#033[0m zeitgeist-daemon.vala:454: The connection is closed
Oct 15 01:21:54 showkot-hp-probook-450g2 org.gnome.Shell.desktop[2896]: #0 0x7fff92ccd600 I   resource:///org/gnome/gjs/modules/_legacy.js:83 (0x7f83941b5de0 @ 87)
Oct 15 01:21:54 showkot-hp-probook-450g2 org.gnome.Shell.desktop[2896]: #1 0x5584239ca1c0 i   /usr/share/gnome-shell/extensions/ubuntu-appindicators@ubuntu.com/indicatorStatusIcon.js:93 (0x7f835540cab0 @ 58)
Oct 15 01:21:54 showkot-hp-probook-450g2 org.gnome.Shell.desktop[2896]: #2 0x7fff92cce1e0 I   resource:///org/gnome/gjs/modules/_legacy.js:82 (0x7f83941b5de0 @ 71)
Oct 15 01:21:54 showkot-hp-probook-450g2 org.gnome.Shell.desktop[2896]: #3 0x7fff92cce2a0 b   self-hosted:916 (0x7f83941f12b8 @ 367)
Oct 15 01:21:54 showkot-hp-probook-450g2 org.gnome.Shell.desktop[2896]: #4 0x7fff92cce390 b   resource:///org/gnome/gjs/modules/signals.js:128 (0x7f83941d2230 @ 386)
Oct 15 01:21:54 showkot-hp-probook-450g2 org.gnome.Shell.desktop[2896]: #5 0x5584239ca138 i   /usr/share/gnome-shell/extensions/ubuntu-appindicators@ubuntu.com/appIndicator.js:190 (0x7f83555fb780 @ 22)
Oct 15 01:21:54 showkot-hp-probook-450g2 org.gnome.Shell.desktop[2896]: #6 0x7fff92ccefe0 I   resource:///org/gnome/gjs/modules/_legacy.js:82 (0x7f83941b5de0 @ 71)
Oct 15 01:21:54 showkot-hp-probook-450g2 org.gnome.Shell.desktop[2896]: #7 0x5584239ca090 i   /usr/share/gnome-shell/extensions/ubuntu-appindicators@ubuntu.com/statusNotifierWatcher.js:176 (0x7f83555f5a28 @ 26)
Oct 15 01:21:54 showkot-hp-probook-450g2 org.gnome.Shell.desktop[2896]: #8 0x7fff92ccfbc0 I   resource:///org/gnome/gjs/modules/_legacy.js:82 (0x7f83941b5de0 @ 71)
Oct 15 01:21:54 showkot-hp-probook-450g2 org.gnome.Shell.desktop[2896]: #9 0x5584239c9ff0 i   /usr/share/gnome-shell/extensions/ubuntu-appindicators@ubuntu.com/statusNotifierWatcher.js:170 (0x7f83555f59a0 @ 68)
Oct 15 01:21:54 showkot-hp-probook-450g2 org.gnome.Shell.desktop[2896]: #10 0x7fff92cd07b0 I   resource:///org/gnome/gjs/modules/_legacy.js:82 (0x7f83941b5de0 @ 71)
Oct 15 01:21:54 showkot-hp-probook-450g2 org.gnome.Shell.desktop[2896]: #11 0x7fff92cd0880 b   self-hosted:918 (0x7f83941f12b8 @ 394)
Oct 15 01:21:54 showkot-hp-probook-450g2 gvfsd[2874]: A connection to the bus can't be made
Oct 15 01:21:54 showkot-hp-probook-450g2 gnome-shell[2896]: Object .Gjs_AppIndicatorIconActor__1 (0x5584240a4040), has been already finalized. Impossible to set any property to it.
Oct 15 01:21:55 showkot-hp-probook-450g2 gnome-session-binary[2289]: WARNING: Lost name on bus: org.gnome.SessionManager
Oct 15 01:21:55 showkot-hp-probook-450g2 gvfsd[2874]: A connection to the bus can't be made
Oct 15 01:21:55 showkot-hp-probook-450g2 [3784]: Owner of volume monitor org.gtk.vfs.UDisks2VolumeMonitor disconnected from the bus; removing drives/volumes/mounts
Oct 15 09:44:16 showkot-hp-probook-450g2 systemd[1]: Starting Flush Journal to Persistent Storage...
Oct 15 09:44:16 showkot-hp-probook-450g2 systemd[1]: Started Load/Save Random Seed.
Oct 15 09:44:16 showkot-hp-probook-450g2 systemd[1]: Started udev Coldplug all Devices.
Oct 15 09:44:16 showkot-hp-probook-450g2 mtp-probe: checking bus 2, device 3: "/sys/devices/pci0000:00/0000:00:14.0/usb2/2-5"
Oct 15 09:44:16 showkot-hp-probook-450g2 ureadahead[263]: ureadahead:/var/crash/.lock: No such file or directory
Oct 15 09:44:16 showkot-hp-probook-450g2 ureadahead[263]: ureadahead:/var/lib/NetworkManager/dhclient-wlo1.conf: No such file or directory
Oct 15 09:44:16 showkot-hp-probook-450g2 ureadahead[263]: ureadahead:/var/lib/snapd/snaps/skype_86.snap: No such file or directory
Oct 15 09:44:16 showkot-hp-probook-450g2 ureadahead[263]: ureadahead:/var/lib/snapd/snaps/gtk-common-themes_1198.snap: No such file or directory
Oct 15 09:44:16 showkot-hp-probook-450g2 ureadahead[263]: ureadahead:/var/lib/snapd/snaps/core18_1098.snap: No such file or directory
Oct 15 09:44:16 showkot-hp-probook-450g2 ureadahead[263]: ureadahead:/var/snap/docker/384/run/docker.pid: No such file or directory
Oct 15 09:44:16 showkot-hp-probook-450g2 ureadahead[263]: ureadahead:/var/snap/docker/384/run/docker/containerd/docker-containerd.pid: No such file or directory
Oct 15 09:44:16 showkot-hp-probook-450g2 ureadahead[263]: ureadahead:/lib/modprobe.d/blacklist_linux_4.15.0-58-generic.conf: No such file or directory
Oct 15 09:44:16 showkot-hp-probook-450g2 ureadahead[263]: ureadahead:/lib/modprobe.d/blacklist_linux_4.15.0-60-generic.conf: No such file or directory
Oct 15 09:44:16 showkot-hp-probook-450g2 systemd[1]: Started Set the console keyboard layout.
Oct 15 09:44:16 showkot-hp-probook-450g2 mtp-probe: checking bus 2, device 4: "/sys/devices/pci0000:00/0000:00:14.0/usb2/2-7"
Oct 15 09:44:16 showkot-hp-probook-450g2 systemd-modules-load[262]: Inserted module 'lp'
Oct 15 09:44:16 showkot-hp-probook-450g2 mtp-probe: bus: 2, device: 3 was not an MTP device
Oct 15 09:44:16 showkot-hp-probook-450g2 systemd-modules-load[262]: Inserted module 'ppdev'
Oct 15 09:44:16 showkot-hp-probook-450g2 mtp-probe: bus: 2, device: 4 was not an MTP device
Oct 15 09:44:16 showkot-hp-probook-450g2 systemd-modules-load[262]: Inserted module 'parport_pc'
Oct 15 09:44:16 showkot-hp-probook-450g2 kernel: [    0.000000] microcode: microcode updated early to revision 0x2d, date = 2019-03-07
Oct 15 09:44:16 showkot-hp-probook-450g2 systemd-modules-load[262]: Inserted module 'arp_tables'
Oct 15 09:44:16 showkot-hp-probook-450g2 kernel: [    0.000000] Linux version 4.15.0-65-generic (buildd@lgw01-amd64-006) (gcc version 7.4.0 (Ubuntu 7.4.0-1ubuntu1~18.04.1)) #74-Ubuntu SMP Tue Sep 17 17:06:04 UTC 2019 (Ubuntu 4.15.0-65.74-generic 4.15.18)
Oct 15 09:44:16 showkot-hp-probook-450g2 systemd[1]: Started Create Static Device Nodes in /dev.
Oct 15 09:44:16 showkot-hp-probook-450g2 kernel: [    0.000000] Command line: BOOT_IMAGE=/boot/vmlinuz-4.15.0-65-generic root=UUID=191f3c71-50f2-4bfc-a73d-e38546b401b9 ro quiet splash vt.handoff=1
Oct 15 09:44:16 showkot-hp-probook-450g2 kernel: [    0.000000] KERNEL supported cpus:
Oct 15 09:44:16 showkot-hp-probook-450g2 kernel: [    0.000000]   Intel GenuineIntel
Oct 15 09:44:16 showkot-hp-probook-450g2 kernel: [    0.000000]   AMD AuthenticAMD
Oct 15 09:44:16 showkot-hp-probook-450g2 kernel: [    0.000000]   Centaur CentaurHauls
Oct 15 09:44:16 showkot-hp-probook-450g2 systemd[1]: Starting udev Kernel Device Manager...
Oct 15 09:44:16 showkot-hp-probook-450g2 kernel: [    0.000000] x86/fpu: Supporting XSAVE feature 0x001: 'x87 floating point registers'
Oct 15 09:44:16 showkot-hp-probook-450g2 kernel: [    0.000000] x86/fpu: Supporting XSAVE feature 0x002: 'SSE registers'
Oct 15 09:44:16 showkot-hp-probook-450g2 kernel: [    0.000000] x86/fpu: Supporting XSAVE feature 0x004: 'AVX registers'
Oct 15 09:44:16 showkot-hp-probook-450g2 kernel: [    0.000000] x86/fpu: xstate_offset[2]:  576, xstate_sizes[2]:  256
Oct 15 09:44:16 showkot-hp-probook-450g2 systemd[1]: Reached target Local File Systems (Pre).
Oct 15 09:44:16 showkot-hp-probook-450g2 kernel: [    0.000000] x86/fpu: Enabled xstate features 0x7, context size is 832 bytes, using 'standard' format.
Oct 15 09:44:16 showkot-hp-probook-450g2 kernel: [    0.000000] e820: BIOS-provided physical RAM map:
Oct 15 09:44:16 showkot-hp-probook-450g2 kernel: [    0.000000] BIOS-e820: [mem 0x0000000000000000-0x000000000009dbff] usable
Oct 15 09:44:16 showkot-hp-probook-450g2 kernel: [    0.000000] BIOS-e820: [mem 0x000000000009dc00-0x000000000009ffff] reserved
Oct 15 09:44:16 showkot-hp-probook-450g2 kernel: [    0.000000] BIOS-e820: [mem 0x00000000000e0000-0x00000000000fffff] reserved
Oct 15 09:44:16 showkot-hp-probook-450g2 systemd[1]: Mounting Mount unit for core, revision 7917...
Oct 15 09:44:16 showkot-hp-probook-450g2 kernel: [    0.000000] BIOS-e820: [mem 0x0000000000100000-0x00000000a8b7efff] usable
Oct 15 09:44:16 showkot-hp-probook-450g2 kernel: [    0.000000] BIOS-e820: [mem 0x00000000a8b7f000-0x00000000a9e7efff] reserved
Oct 15 09:44:16 showkot-hp-probook-450g2 kernel: [    0.000000] BIOS-e820: [mem 0x00000000a9e7f000-0x00000000a9f7efff] ACPI NVS
Oct 15 09:44:16 showkot-hp-probook-450g2 kernel: [    0.000000] BIOS-e820: [mem 0x00000000a9f7f000-0x00000000a9ffefff] ACPI data
Oct 15 09:44:16 showkot-hp-probook-450g2 systemd[1]: Mounting Mount unit for gnome-3-28-1804, revision 67...
Oct 15 09:44:16 showkot-hp-probook-450g2 kernel: [    0.000000] BIOS-e820: [mem 0x00000000a9fff000-0x00000000a9ffffff] usable
Oct 15 09:44:16 showkot-hp-probook-450g2 kernel: [    0.000000] BIOS-e820: [mem 0x00000000aa000000-0x00000000ae7fffff] reserved
Oct 15 09:44:16 showkot-hp-probook-450g2 kernel: [    0.000000] BIOS-e820: [mem 0x00000000e0000000-0x00000000efffffff] reserved
Oct 15 09:44:16 showkot-hp-probook-450g2 kernel: [    0.000000] BIOS-e820: [mem 0x00000000fec00000-0x00000000fec00fff] reserved
Oct 15 09:44:16 showkot-hp-probook-450g2 kernel: [    0.000000] BIOS-e820: [mem 0x00000000fed10000-0x00000000fed13fff] reserved
Oct 15 09:44:16 showkot-hp-probook-450g2 systemd[1]: Mounting Mount unit for gtk-common-themes, revision 1313...
Oct 15 09:44:16 showkot-hp-probook-450g2 kernel: [    0.000000] BIOS-e820: [mem 0x00000000fed18000-0x00000000fed19fff] reserved
Oct 15 09:44:16 showkot-hp-probook-450g2 kernel: [    0.000000] BIOS-e820: [mem 0x00000000fed1c000-0x00000000fed1ffff] reserved
Oct 15 09:44:16 showkot-hp-probook-450g2 kernel: [    0.000000] BIOS-e820: [mem 0x00000000fee00000-0x00000000fee00fff] reserved
Oct 15 09:44:16 showkot-hp-probook-450g2 kernel: [    0.000000] BIOS-e820: [mem 0x00000000ffa00000-0x00000000ffffffff] reserved
Oct 15 09:44:16 showkot-hp-probook-450g2 kernel: [    0.000000] BIOS-e820: [mem 0x0000000100000000-0x00000001507fffff] usable
Oct 15 09:44:16 showkot-hp-probook-450g2 systemd[1]: Mounting Mount unit for skype, revision 92...
Oct 15 09:44:16 showkot-hp-probook-450g2 kernel: [    0.000000] NX (Execute Disable) protection: active
Oct 15 09:44:16 showkot-hp-probook-450g2 systemd[1]: Mounting Mount unit for gnome-3-26-1604, revision 92...
Oct 15 09:44:16 showkot-hp-probook-450g2 kernel: [    0.000000] SMBIOS 2.7 present.
Oct 15 09:44:16 showkot-hp-probook-450g2 kernel: [    0.000000] DMI: Hewlett-Packard HP ProBook 450 G2/2248, BIOS M73 Ver. 01.11 03/17/2015
Oct 15 09:44:16 showkot-hp-probook-450g2 kernel: [    0.000000] e820: update [mem 0x00000000-0x00000fff] usable ==> reserved
Oct 15 09:44:16 showkot-hp-probook-450g2 kernel: [    0.000000] e820: remove [mem 0x000a0000-0x000fffff] usable
Oct 15 09:44:16 showkot-hp-probook-450g2 kernel: [    0.000000] e820: last_pfn = 0x150800 max_arch_pfn = 0x400000000
Oct 15 09:44:16 showkot-hp-probook-450g2 apparmor[322]:  * Starting AppArmor profiles
Oct 15 09:44:16 showkot-hp-probook-450g2 kernel: [    0.000000] MTRR default type: uncachable
Oct 15 09:44:16 showkot-hp-probook-450g2 systemd[1]: Mounting Mount unit for gnome-logs, revision 81...
Oct 15 09:44:16 showkot-hp-probook-450g2 kernel: [    0.000000] MTRR fixed ranges enabled:
Oct 15 09:44:16 showkot-hp-probook-450g2 kernel: [    0.000000]   00000-9FFFF write-back
Oct 15 09:44:16 showkot-hp-probook-450g2 kernel: [    0.000000]   A0000-BFFFF uncachable
Oct 15 09:44:16 showkot-hp-probook-450g2 kernel: [    0.000000]   C0000-FFFFF write-protect
Oct 15 09:44:16 showkot-hp-probook-450g2 apparmor[322]: Skipping profile in /etc/apparmor.d/disable: usr.bin.firefox
Oct 15 09:44:16 showkot-hp-probook-450g2 kernel: [    0.000000] MTRR variable ranges enabled:
Oct 15 09:44:16 showkot-hp-probook-450g2 kernel: [    0.000000]   0 base 00FF800000 mask 7FFF800000 write-protect
Oct 15 09:44:16 showkot-hp-probook-450g2 systemd[1]: Mounting Mount unit for gnome-3-26-1604, revision 90...
Oct 15 09:44:16 showkot-hp-probook-450g2 kernel: [    0.000000]   1 base 0000000000 mask 7F80000000 write-back
Oct 15 09:44:16 showkot-hp-probook-450g2 kernel: [    0.000000]   2 base 0080000000 mask 7FE0000000 write-back
Oct 15 09:44:16 showkot-hp-probook-450g2 kernel: [    0.000000]   3 base 00A0000000 mask 7FF8000000 write-back
Oct 15 09:44:16 showkot-hp-probook-450g2 kernel: [    0.000000]   4 base 00A8000000 mask 7FFC000000 write-back
Oct 15 09:44:16 showkot-hp-probook-450g2 apparmor[322]: Skipping profile in /etc/apparmor.d/disable: usr.sbin.rsyslogd
Oct 15 09:44:16 showkot-hp-probook-450g2 kernel: [    0.000000]   5 base 0100000000 mask 7FC0000000 write-back
Oct 15 09:44:16 showkot-hp-probook-450g2 kernel: [    0.000000]   6 base 0140000000 mask 7FF0000000 write-back
Oct 15 09:44:16 showkot-hp-probook-450g2 kernel: [    0.000000]   7 base 0150000000 mask 7FFF800000 write-back
Oct 15 09:44:16 showkot-hp-probook-450g2 systemd[1]: Mounting Mount unit for docker, revision 384...
Oct 15 09:44:16 showkot-hp-probook-450g2 kernel: [    0.000000]   8 disabled
Oct 15 09:44:16 showkot-hp-probook-450g2 kernel: [    0.000000]   9 disabled
Oct 15 09:44:16 showkot-hp-probook-450g2 apparmor[322]: AppArmor parser error for /etc/apparmor.d/usr.sbin.mysqld in /etc/apparmor.d/usr.sbin.mysqld at line 9: Could not open 'abstractions/mysql'
Oct 15 09:44:16 showkot-hp-probook-450g2 kernel: [    0.000000] x86/PAT: Configuration [0-7]: WB  WC  UC- UC  WB  WP  UC- WT  
Oct 15 09:44:16 showkot-hp-probook-450g2 kernel: [    0.000000] e820: last_pfn = 0xaa000 max_arch_pfn = 0x400000000
Oct 15 09:44:16 showkot-hp-probook-450g2 kernel: [    0.000000] Scanning 1 areas for low memory corruption
Oct 15 09:44:16 showkot-hp-probook-450g2 kernel: [    0.000000] Using GB pages for direct mapping
Oct 15 09:44:16 showkot-hp-probook-450g2 kernel: [    0.000000] BRK [0x11e341000, 0x11e341fff] PGTABLE
Oct 15 09:44:16 showkot-hp-probook-450g2 systemd[1]: Mounting Mount unit for gnome-calculator, revision 406...
Oct 15 09:44:16 showkot-hp-probook-450g2 kernel: [    0.000000] BRK [0x11e342000, 0x11e342fff] PGTABLE
Oct 15 09:44:16 showkot-hp-probook-450g2 kernel: [    0.000000] BRK [0x11e343000, 0x11e343fff] PGTABLE
Oct 15 09:44:16 showkot-hp-probook-450g2 kernel: [    0.000000] BRK [0x11e344000, 0x11e344fff] PGTABLE
Oct 15 09:44:16 showkot-hp-probook-450g2 apparmor[322]: Skipping profile in /etc/apparmor.d/disable: usr.bin.firefox
Oct 15 09:44:16 showkot-hp-probook-450g2 kernel: [    0.000000] BRK [0x11e345000, 0x11e345fff] PGTABLE
Oct 15 09:44:16 showkot-hp-probook-450g2 kernel: [    0.000000] BRK [0x11e346000, 0x11e346fff] PGTABLE
Oct 15 09:44:16 showkot-hp-probook-450g2 kernel: [    0.000000] BRK [0x11e347000, 0x11e347fff] PGTABLE
Oct 15 09:44:16 showkot-hp-probook-450g2 systemd[1]: Mounting Mount unit for core, revision 7713...
Oct 15 09:44:16 showkot-hp-probook-450g2 kernel: [    0.000000] BRK [0x11e348000, 0x11e348fff] PGTABLE
Oct 15 09:44:16 showkot-hp-probook-450g2 kernel: [    0.000000] RAMDISK: [mem 0x335df000-0x35ae6fff]
Oct 15 09:44:16 showkot-hp-probook-450g2 kernel: [    0.000000] ACPI: Early table checksum verification disabled
Oct 15 09:44:16 showkot-hp-probook-450g2 apparmor[322]: Skipping profile in /etc/apparmor.d/disable: usr.sbin.rsyslogd
Oct 15 09:44:16 showkot-hp-probook-450g2 kernel: [    0.000000] ACPI: RSDP 0x00000000000FC2A0 000024 (v02 HPQOEM)
Oct 15 09:44:16 showkot-hp-probook-450g2 kernel: [    0.000000] ACPI: XSDT 0x00000000A9FFD0E8 00009C (v01 HPQOEM SLIC-MPC 00000001      01000013)
Oct 15 09:44:16 showkot-hp-probook-450g2 kernel: [    0.000000] ACPI: FACP 0x00000000A9FFB000 00010C (v05 HPQOEM 2248     00000001 HP   00000001)
Oct 15 09:44:16 showkot-hp-probook-450g2 systemd[1]: Reached target Local File Systems.
Oct 15 09:44:16 showkot-hp-probook-450g2 kernel: [    0.000000] ACPI: DSDT 0x00000000A9FD0000 0253A3 (v02 HPQOEM 2248     00000001 INTL 20130927)
Oct 15 09:44:16 showkot-hp-probook-450g2 apparmor[322]: AppArmor parser error for /etc/apparmor.d/usr.sbin.mysqld in /etc/apparmor.d/usr.sbin.mysqld at line 9: Could not open 'abstractions/mysql'
Oct 15 09:44:16 showkot-hp-probook-450g2 kernel: [    0.000000] ACPI: FACS 0x00000000A9F76000 000040
Oct 15 09:44:16 showkot-hp-probook-450g2 kernel: [    0.000000] ACPI: HPET 0x00000000A9FFA000 000038 (v01 HPQOEM 2248     00000001 HP   00000001)
Oct 15 09:44:16 showkot-hp-probook-450g2 kernel: [    0.000000] ACPI: APIC 0x00000000A9FF9000 0000BC (v01 HPQOEM 2248     00000001 HP   00000001)
Oct 15 09:44:16 showkot-hp-probook-450g2 systemd[1]: Starting Clean up any mess left by 0dns-up...
Oct 15 09:44:16 showkot-hp-probook-450g2 kernel: [    0.000000] ACPI: MCFG 0x00000000A9FF8000 00003C (v01 HPQOEM 2248     00000001 HP   00000001)
Oct 15 09:44:16 showkot-hp-probook-450g2 kernel: [    0.000000] ACPI: ASF! 0x00000000A9FF7000 0000A5 (v32 HPQOEM 2248     00000001 HP   00000001)
Oct 15 09:44:16 showkot-hp-probook-450g2 kernel: [    0.000000] ACPI: TCPA 0x00000000A9FF6000 000032 (v02 HPQOEM 2248     00000000 HP   00000001)
Oct 15 09:44:16 showkot-hp-probook-450g2 apparmor[322]:    ...fail!
Oct 15 09:44:16 showkot-hp-probook-450g2 systemd[1]: Starting AppArmor initialization...
Oct 15 09:44:16 showkot-hp-probook-450g2 kernel: [    0.000000] ACPI: SSDT 0x00000000A9FCD000 0003D4 (v01 HPQOEM SataAhci 00001000 INTL 20130927)
Oct 15 09:44:16 showkot-hp-probook-450g2 kernel: [    0.000000] ACPI: SSDT 0x00000000A9FCC000 00048A (v01 HPQOEM PtidDevc 00001000 INTL 20130927)
Oct 15 09:44:16 showkot-hp-probook-450g2 kernel: [    0.000000] ACPI: FPDT 0x00000000A9FCA000 000044 (v01 HPQOEM 2248     00000001 HP   00000001)
Oct 15 09:44:16 showkot-hp-probook-450g2 kernel: [    0.000000] ACPI: BGRT 0x00000000A9FC9000 000038 (v00 HPQOEM 2248     00000001 HP   00000001)
Oct 15 09:44:16 showkot-hp-probook-450g2 kernel: [    0.000000] ACPI: SSDT 0x00000000A9FC5000 00041E (v01 Isct   IsctAsl  00003000 INTL 20130927)
Oct 15 09:44:16 showkot-hp-probook-450g2 systemd[1]: Starting Set console font and keymap...
Oct 15 09:44:16 showkot-hp-probook-450g2 kernel: [    0.000000] ACPI: SSDT 0x00000000A9FC4000 000544 (v02 PmRef  Cpu0Ist  00003000 INTL 20130927)
Oct 15 09:44:16 showkot-hp-probook-450g2 kernel: [    0.000000] ACPI: SSDT 0x00000000A9FC3000 000B8F (v02 CpuRef CpuSsdt  00003000 INTL 20130927)
Oct 15 09:44:16 showkot-hp-probook-450g2 kernel: [    0.000000] ACPI: SSDT 0x00000000A9FC2000 0001D5 (v02 PmRef  LakeTiny 00003000 INTL 20130927)
Oct 15 09:44:16 showkot-hp-probook-450g2 kernel: [    0.000000] ACPI: SSDT 0x00000000A9FC1000 000913 (v02 SaSsdt SaSsdt   00003000 INTL 20130927)
Oct 15 09:44:16 showkot-hp-probook-450g2 kernel: [    0.000000] ACPI: Local APIC address 0xfee00000
Oct 15 09:44:16 showkot-hp-probook-450g2 systemd[1]: Starting Tell Plymouth To Write Out Runtime Data...
Oct 15 09:44:16 showkot-hp-probook-450g2 kernel: [    0.000000] No NUMA configuration found
Oct 15 09:44:16 showkot-hp-probook-450g2 kernel: [    0.000000] Faking a node at [mem 0x0000000000000000-0x00000001507fffff]
Oct 15 09:44:16 showkot-hp-probook-450g2 kernel: [    0.000000] NODE_DATA(0) allocated [mem 0x1507d5000-0x1507fffff]
Oct 15 09:44:16 showkot-hp-probook-450g2 kernel: [    0.000000] tsc: Fast TSC calibration using PIT
Oct 15 09:44:16 showkot-hp-probook-450g2 systemd[1]: Starting Enable support for additional executable binary formats...
Oct 15 09:44:16 showkot-hp-probook-450g2 kernel: [    0.000000] Zone ranges:
Oct 15 09:44:16 showkot-hp-probook-450g2 kernel: [    0.000000]   DMA      [mem 0x0000000000001000-0x0000000000ffffff]
Oct 15 09:44:16 showkot-hp-probook-450g2 kernel: [    0.000000]   DMA32    [mem 0x0000000001000000-0x00000000ffffffff]
Oct 15 09:44:16 showkot-hp-probook-450g2 kernel: [    0.000000]   Normal   [mem 0x0000000100000000-0x00000001507fffff]
Oct 15 09:44:16 showkot-hp-probook-450g2 kernel: [    0.000000]   Device   empty
Oct 15 09:44:16 showkot-hp-probook-450g2 kernel: [    0.000000] Movable zone start for each node
Oct 15 09:44:16 showkot-hp-probook-450g2 kernel: [    0.000000] Early memory node ranges
Oct 15 09:44:16 showkot-hp-probook-450g2 systemd[1]: Mounting Mount unit for skype, revision 96...
Oct 15 09:44:16 showkot-hp-probook-450g2 kernel: [    0.000000]   node   0: [mem 0x0000000000001000-0x000000000009cfff]
Oct 15 09:44:16 showkot-hp-probook-450g2 kernel: [    0.000000]   node   0: [mem 0x0000000000100000-0x00000000a8b7efff]
Oct 15 09:44:16 showkot-hp-probook-450g2 kernel: [    0.000000]   node   0: [mem 0x00000000a9fff000-0x00000000a9ffffff]
Oct 15 09:44:16 showkot-hp-probook-450g2 kernel: [    0.000000]   node   0: [mem 0x0000000100000000-0x00000001507fffff]
Oct 15 09:44:16 showkot-hp-probook-450g2 kernel: [    0.000000] Reserved but unavailable: 100 pages
Oct 15 09:44:16 showkot-hp-probook-450g2 kernel: [    0.000000] Initmem setup node 0 [mem 0x0000000000001000-0x00000001507fffff]
Oct 15 09:44:16 showkot-hp-probook-450g2 systemd[1]: Mounting Mount unit for gnome-system-monitor, revision 100...
Oct 15 09:44:16 showkot-hp-probook-450g2 kernel: [    0.000000] On node 0 totalpages: 1020700
Oct 15 09:44:16 showkot-hp-probook-450g2 kernel: [    0.000000]   DMA zone: 64 pages used for memmap
Oct 15 09:44:16 showkot-hp-probook-450g2 kernel: [    0.000000]   DMA zone: 21 pages reserved
Oct 15 09:44:16 showkot-hp-probook-450g2 kernel: [    0.000000]   DMA zone: 3996 pages, LIFO batch:0
Oct 15 09:44:16 showkot-hp-probook-450g2 kernel: [    0.000000]   DMA32 zone: 10734 pages used for memmap
Oct 15 09:44:16 showkot-hp-probook-450g2 kernel: [    0.000000]   DMA32 zone: 686976 pages, LIFO batch:31
Oct 15 09:44:16 showkot-hp-probook-450g2 systemd[1]: Mounting Mount unit for vlc, revision 1049...
Oct 15 09:44:16 showkot-hp-probook-450g2 kernel: [    0.000000]   Normal zone: 5152 pages used for memmap
Oct 15 09:44:16 showkot-hp-probook-450g2 kernel: [    0.000000]   Normal zone: 329728 pages, LIFO batch:31
Oct 15 09:44:16 showkot-hp-probook-450g2 kernel: [    0.000000] Reserving Intel graphics memory at 0x00000000ac800000-0x00000000ae7fffff
Oct 15 09:44:16 showkot-hp-probook-450g2 systemd[1]: Mounting Mount unit for gnome-logs, revision 73...
Oct 15 09:44:16 showkot-hp-probook-450g2 systemd[1]: Mounting Mount unit for gnome-3-28-1804, revision 71...
Oct 15 09:44:16 showkot-hp-probook-450g2 systemd[1]: Mounting Mount unit for gnome-calculator, revision 501...
Oct 15 09:44:16 showkot-hp-probook-450g2 systemd[1]: Mounting Mount unit for kde-frameworks-5, revision 27...
Oct 15 09:44:16 showkot-hp-probook-450g2 systemd[1]: Mounting Mount unit for gnome-characters, revision 296...
Oct 15 09:44:16 showkot-hp-probook-450g2 systemd[1]: Mounting Mount unit for core18, revision 1223...
Oct 15 09:44:16 showkot-hp-probook-450g2 systemd[1]: Mounting Mount unit for core18, revision 1192...
Oct 15 09:44:16 showkot-hp-probook-450g2 systemd[1]: Mounting Mount unit for gnome-characters, revision 317...
Oct 15 09:44:16 showkot-hp-probook-450g2 systemd[1]: Mounting Mount unit for gnome-system-monitor, revision 95...
Oct 15 09:44:16 showkot-hp-probook-450g2 systemd[1]: Mounting Mount unit for gtk-common-themes, revision 1353...
Oct 15 09:44:16 showkot-hp-probook-450g2 systemd[1]: Mounting Mount unit for vlc, revision 770...
Oct 15 09:44:16 showkot-hp-probook-450g2 systemd[1]: Mounted Mount unit for core, revision 7917.
Oct 15 09:44:16 showkot-hp-probook-450g2 systemd[1]: Mounted Mount unit for gnome-3-28-1804, revision 67.
Oct 15 09:44:16 showkot-hp-probook-450g2 systemd[1]: Mounted Mount unit for gtk-common-themes, revision 1313.
Oct 15 09:44:16 showkot-hp-probook-450g2 systemd[1]: Mounted Mount unit for skype, revision 92.
Oct 15 09:44:16 showkot-hp-probook-450g2 kernel: [    0.000000] ACPI: PM-Timer IO Port: 0x1808
Oct 15 09:44:16 showkot-hp-probook-450g2 kernel: [    0.000000] ACPI: Local APIC address 0xfee00000
Oct 15 09:44:16 showkot-hp-probook-450g2 kernel: [    0.000000] ACPI: LAPIC_NMI (acpi_id[0x00] high edge lint[0x1])
Oct 15 09:44:16 showkot-hp-probook-450g2 systemd[1]: Mounted Mount unit for gnome-3-26-1604, revision 92.
Oct 15 09:44:16 showkot-hp-probook-450g2 kernel: [    0.000000] ACPI: LAPIC_NMI (acpi_id[0x01] high edge lint[0x1])
Oct 15 09:44:16 showkot-hp-probook-450g2 kernel: [    0.000000] ACPI: LAPIC_NMI (acpi_id[0x02] high edge lint[0x1])
Oct 15 09:44:16 showkot-hp-probook-450g2 kernel: [    0.000000] ACPI: LAPIC_NMI (acpi_id[0x03] high edge lint[0x1])
Oct 15 09:44:16 showkot-hp-probook-450g2 kernel: [    0.000000] ACPI: LAPIC_NMI (acpi_id[0x04] high edge lint[0x1])
Oct 15 09:44:16 showkot-hp-probook-450g2 kernel: [    0.000000] ACPI: LAPIC_NMI (acpi_id[0x05] high edge lint[0x1])
Oct 15 09:44:16 showkot-hp-probook-450g2 kernel: [    0.000000] ACPI: LAPIC_NMI (acpi_id[0x06] high edge lint[0x1])
Oct 15 09:44:16 showkot-hp-probook-450g2 kernel: [    0.000000] ACPI: LAPIC_NMI (acpi_id[0x07] high edge lint[0x1])
Oct 15 09:44:16 showkot-hp-probook-450g2 systemd[1]: Mounted Mount unit for gnome-logs, revision 81.
Oct 15 09:44:16 showkot-hp-probook-450g2 kernel: [    0.000000] IOAPIC[0]: apic_id 0, version 32, address 0xfec00000, GSI 0-39
Oct 15 09:44:16 showkot-hp-probook-450g2 kernel: [    0.000000] ACPI: INT_SRC_OVR (bus 0 bus_irq 0 global_irq 2 dfl dfl)
Oct 15 09:44:16 showkot-hp-probook-450g2 kernel: [    0.000000] ACPI: INT_SRC_OVR (bus 0 bus_irq 9 global_irq 9 high level)
Oct 15 09:44:16 showkot-hp-probook-450g2 kernel: [    0.000000] ACPI: IRQ0 used by override.
Oct 15 09:44:16 showkot-hp-probook-450g2 kernel: [    0.000000] ACPI: IRQ9 used by override.
Oct 15 09:44:16 showkot-hp-probook-450g2 kernel: [    0.000000] Using ACPI (MADT) for SMP configuration information
Oct 15 09:44:16 showkot-hp-probook-450g2 kernel: [    0.000000] ACPI: HPET id: 0x8086a201 base: 0xfed00000
Oct 15 09:44:16 showkot-hp-probook-450g2 systemd[1]: Mounted Mount unit for gnome-3-26-1604, revision 90.
Oct 15 09:44:16 showkot-hp-probook-450g2 kernel: [    0.000000] smpboot: Allowing 8 CPUs, 4 hotplug CPUs
Oct 15 09:44:16 showkot-hp-probook-450g2 kernel: [    0.000000] PM: Registered nosave memory: [mem 0x00000000-0x00000fff]
Oct 15 09:44:16 showkot-hp-probook-450g2 kernel: [    0.000000] PM: Registered nosave memory: [mem 0x0009d000-0x0009dfff]
Oct 15 09:44:16 showkot-hp-probook-450g2 kernel: [    0.000000] PM: Registered nosave memory: [mem 0x0009e000-0x0009ffff]
Oct 15 09:44:16 showkot-hp-probook-450g2 kernel: [    0.000000] PM: Registered nosave memory: [mem 0x000a0000-0x000dffff]
Oct 15 09:44:16 showkot-hp-probook-450g2 kernel: [    0.000000] PM: Registered nosave memory: [mem 0x000e0000-0x000fffff]
Oct 15 09:44:16 showkot-hp-probook-450g2 systemd[1]: Mounted Mount unit for docker, revision 384.
Oct 15 09:44:16 showkot-hp-probook-450g2 kernel: [    0.000000] PM: Registered nosave memory: [mem 0xa8b7f000-0xa9e7efff]
Oct 15 09:44:16 showkot-hp-probook-450g2 kernel: [    0.000000] PM: Registered nosave memory: [mem 0xa9e7f000-0xa9f7efff]
Oct 15 09:44:16 showkot-hp-probook-450g2 kernel: [    0.000000] PM: Registered nosave memory: [mem 0xa9f7f000-0xa9ffefff]
Oct 15 09:44:16 showkot-hp-probook-450g2 kernel: [    0.000000] PM: Registered nosave memory: [mem 0xaa000000-0xae7fffff]
Oct 15 09:44:16 showkot-hp-probook-450g2 kernel: [    0.000000] PM: Registered nosave memory: [mem 0xae800000-0xdfffffff]
Oct 15 09:44:16 showkot-hp-probook-450g2 kernel: [    0.000000] PM: Registered nosave memory: [mem 0xe0000000-0xefffffff]
Oct 15 09:44:16 showkot-hp-probook-450g2 apparmor[866]:  * Starting AppArmor profiles
Oct 15 09:44:16 showkot-hp-probook-450g2 kernel: [    0.000000] PM: Registered nosave memory: [mem 0xf0000000-0xfebfffff]
Oct 15 09:44:16 showkot-hp-probook-450g2 kernel: [    0.000000] PM: Registered nosave memory: [mem 0xfec00000-0xfec00fff]
Oct 15 09:44:16 showkot-hp-probook-450g2 kernel: [    0.000000] PM: Registered nosave memory: [mem 0xfec01000-0xfed0ffff]
Oct 15 09:44:16 showkot-hp-probook-450g2 kernel: [    0.000000] PM: Registered nosave memory: [mem 0xfed10000-0xfed13fff]
Oct 15 09:44:16 showkot-hp-probook-450g2 kernel: [    0.000000] PM: Registered nosave memory: [mem 0xfed14000-0xfed17fff]
Oct 15 09:44:16 showkot-hp-probook-450g2 kernel: [    0.000000] PM: Registered nosave memory: [mem 0xfed18000-0xfed19fff]
Oct 15 09:44:16 showkot-hp-probook-450g2 systemd[1]: Mounted Mount unit for gnome-calculator, revision 406.
Oct 15 09:44:16 showkot-hp-probook-450g2 kernel: [    0.000000] PM: Registered nosave memory: [mem 0xfed1a000-0xfed1bfff]
Oct 15 09:44:16 showkot-hp-probook-450g2 kernel: [    0.000000] PM: Registered nosave memory: [mem 0xfed1c000-0xfed1ffff]
Oct 15 09:44:16 showkot-hp-probook-450g2 kernel: [    0.000000] PM: Registered nosave memory: [mem 0xfed20000-0xfedfffff]
Oct 15 09:44:16 showkot-hp-probook-450g2 kernel: [    0.000000] PM: Registered nosave memory: [mem 0xfee00000-0xfee00fff]
Oct 15 09:44:16 showkot-hp-probook-450g2 dbus-daemon[1176]: [system] AppArmor D-Bus mediation is enabled
Oct 15 09:44:16 showkot-hp-probook-450g2 kernel: [    0.000000] PM: Registered nosave memory: [mem 0xfee01000-0xff9fffff]
Oct 15 09:44:16 showkot-hp-probook-450g2 kernel: [    0.000000] PM: Registered nosave memory: [mem 0xffa00000-0xffffffff]
Oct 15 09:44:16 showkot-hp-probook-450g2 kernel: [    0.000000] e820: [mem 0xae800000-0xdfffffff] available for PCI devices
Oct 15 09:44:16 showkot-hp-probook-450g2 kernel: [    0.000000] Booting paravirtualized kernel on bare hardware
Oct 15 09:44:16 showkot-hp-probook-450g2 kernel: [    0.000000] clocksource: refined-jiffies: mask: 0xffffffff max_cycles: 0xffffffff, max_idle_ns: 7645519600211568 ns
Oct 15 09:44:16 showkot-hp-probook-450g2 kernel: [    0.000000] random: get_random_bytes called from start_kernel+0x99/0x4fd with crng_init=0
Oct 15 09:44:16 showkot-hp-probook-450g2 kernel: [    0.000000] setup_percpu: NR_CPUS:8192 nr_cpumask_bits:8 nr_cpu_ids:8 nr_node_ids:1
Oct 15 09:44:16 showkot-hp-probook-450g2 kernel: [    0.000000] percpu: Embedded 46 pages/cpu s151552 r8192 d28672 u262144
Oct 15 09:44:16 showkot-hp-probook-450g2 kernel: [    0.000000] pcpu-alloc: s151552 r8192 d28672 u262144 alloc=1*2097152
Oct 15 09:44:16 showkot-hp-probook-450g2 kernel: [    0.000000] pcpu-alloc: [0] 0 1 2 3 4 5 6 7 
Oct 15 09:44:16 showkot-hp-probook-450g2 kernel: [    0.000000] Built 1 zonelists, mobility grouping on.  Total pages: 1004729
Oct 15 09:44:16 showkot-hp-probook-450g2 kernel: [    0.000000] Policy zone: Normal
Oct 15 09:44:16 showkot-hp-probook-450g2 kernel: [    0.000000] Kernel command line: BOOT_IMAGE=/boot/vmlinuz-4.15.0-65-generic root=UUID=191f3c71-50f2-4bfc-a73d-e38546b401b9 ro quiet splash vt.handoff=1
Oct 15 09:44:16 showkot-hp-probook-450g2 kernel: [    0.000000] Calgary: detecting Calgary via BIOS EBDA area
Oct 15 09:44:16 showkot-hp-probook-450g2 kernel: [    0.000000] Calgary: Unable to locate Rio Grande table in EBDA - bailing!
Oct 15 09:44:16 showkot-hp-probook-450g2 kernel: [    0.000000] Memory: 3881608K/4082800K available (12300K kernel code, 2481K rwdata, 4256K rodata, 2436K init, 2388K bss, 201192K reserved, 0K cma-reserved)
Oct 15 09:44:16 showkot-hp-probook-450g2 kernel: [    0.000000] SLUB: HWalign=64, Order=0-3, MinObjects=0, CPUs=8, Nodes=1
Oct 15 09:44:16 showkot-hp-probook-450g2 kernel: [    0.000000] Kernel/User page tables isolation: enabled
Oct 15 09:44:16 showkot-hp-probook-450g2 kernel: [    0.000000] ftrace: allocating 39301 entries in 154 pages
Oct 15 09:44:16 showkot-hp-probook-450g2 kernel: [    0.000000] Hierarchical RCU implementation.
Oct 15 09:44:16 showkot-hp-probook-450g2 kernel: [    0.000000] 	RCU restricting CPUs from NR_CPUS=8192 to nr_cpu_ids=8.
Oct 15 09:44:16 showkot-hp-probook-450g2 kernel: [    0.000000] 	Tasks RCU enabled.
Oct 15 09:44:16 showkot-hp-probook-450g2 kernel: [    0.000000] RCU: Adjusting geometry for rcu_fanout_leaf=16, nr_cpu_ids=8
Oct 15 09:44:16 showkot-hp-probook-450g2 kernel: [    0.000000] NR_IRQS: 524544, nr_irqs: 760, preallocated irqs: 16
Oct 15 09:44:16 showkot-hp-probook-450g2 kernel: [    0.000000] vt handoff: transparent VT on vt#1
Oct 15 09:44:16 showkot-hp-probook-450g2 kernel: [    0.000000] Console: colour dummy device 80x25
Oct 15 09:44:16 showkot-hp-probook-450g2 kernel: [    0.000000] console [tty0] enabled
Oct 15 09:44:16 showkot-hp-probook-450g2 kernel: [    0.000000] ACPI: Core revision 20170831
Oct 15 09:44:16 showkot-hp-probook-450g2 kernel: [    0.000000] ACPI: 8 ACPI AML tables successfully acquired and loaded
Oct 15 09:44:16 showkot-hp-probook-450g2 kernel: [    0.000000] clocksource: hpet: mask: 0xffffffff max_cycles: 0xffffffff, max_idle_ns: 133484882848 ns
Oct 15 09:44:16 showkot-hp-probook-450g2 kernel: [    0.000000] hpet clockevent registered
Oct 15 09:44:16 showkot-hp-probook-450g2 kernel: [    0.000000] APIC: Switch to symmetric I/O mode setup
Oct 15 09:44:16 showkot-hp-probook-450g2 kernel: [    0.000000] x2apic: IRQ remapping doesn't support X2APIC mode
Oct 15 09:44:16 showkot-hp-probook-450g2 kernel: [    0.000000] ..TIMER: vector=0x30 apic1=0 pin1=2 apic2=-1 pin2=-1
Oct 15 09:44:16 showkot-hp-probook-450g2 kernel: [    0.020000] tsc: Fast TSC calibration using PIT
Oct 15 09:44:16 showkot-hp-probook-450g2 kernel: [    0.024000] tsc: Detected 2194.972 MHz processor
Oct 15 09:44:16 showkot-hp-probook-450g2 kernel: [    0.024000] Calibrating delay loop (skipped), value calculated using timer frequency.. 4389.94 BogoMIPS (lpj=8779888)
Oct 15 09:44:16 showkot-hp-probook-450g2 kernel: [    0.024000] pid_max: default: 32768 minimum: 301
Oct 15 09:44:16 showkot-hp-probook-450g2 kernel: [    0.024000] Security Framework initialized
Oct 15 09:44:16 showkot-hp-probook-450g2 kernel: [    0.024000] Yama: becoming mindful.
Oct 15 09:44:16 showkot-hp-probook-450g2 kernel: [    0.024000] AppArmor: AppArmor initialized
Oct 15 09:44:16 showkot-hp-probook-450g2 kernel: [    0.024000] Dentry cache hash table entries: 524288 (order: 10, 4194304 bytes)
Oct 15 09:44:16 showkot-hp-probook-450g2 kernel: [    0.024000] Inode-cache hash table entries: 262144 (order: 9, 2097152 bytes)
Oct 15 09:44:16 showkot-hp-probook-450g2 kernel: [    0.024000] Mount-cache hash table entries: 8192 (order: 4, 65536 bytes)
Oct 15 09:44:16 showkot-hp-probook-450g2 kernel: [    0.024000] Mountpoint-cache hash table entries: 8192 (order: 4, 65536 bytes)
Oct 15 09:44:16 showkot-hp-probook-450g2 kernel: [    0.024000] ENERGY_PERF_BIAS: Set to 'normal', was 'performance'
Oct 15 09:44:16 showkot-hp-probook-450g2 kernel: [    0.024000] ENERGY_PERF_BIAS: View and update with x86_energy_perf_policy(8)
Oct 15 09:44:16 showkot-hp-probook-450g2 kernel: [    0.024000] CPU0: Thermal monitoring enabled (TM1)
Oct 15 09:44:16 showkot-hp-probook-450g2 kernel: [    0.024000] process: using mwait in idle threads
Oct 15 09:44:16 showkot-hp-probook-450g2 kernel: [    0.024000] Last level iTLB entries: 4KB 64, 2MB 8, 4MB 8
Oct 15 09:44:16 showkot-hp-probook-450g2 kernel: [    0.024000] Last level dTLB entries: 4KB 64, 2MB 0, 4MB 0, 1GB 4
Oct 15 09:44:16 showkot-hp-probook-450g2 kernel: [    0.024000] Spectre V1 : Mitigation: usercopy/swapgs barriers and __user pointer sanitization
Oct 15 09:44:16 showkot-hp-probook-450g2 kernel: [    0.024000] Spectre V2 : Mitigation: Full generic retpoline
Oct 15 09:44:16 showkot-hp-probook-450g2 kernel: [    0.024000] Spectre V2 : Spectre v2 / SpectreRSB mitigation: Filling RSB on context switch
Oct 15 09:44:16 showkot-hp-probook-450g2 kernel: [    0.024000] Spectre V2 : Enabling Restricted Speculation for firmware calls
Oct 15 09:44:16 showkot-hp-probook-450g2 kernel: [    0.024000] Spectre V2 : mitigation: Enabling conditional Indirect Branch Prediction Barrier
Oct 15 09:44:16 showkot-hp-probook-450g2 kernel: [    0.024000] Spectre V2 : User space: Mitigation: STIBP via seccomp and prctl
Oct 15 09:44:16 showkot-hp-probook-450g2 kernel: [    0.024000] Speculative Store Bypass: Mitigation: Speculative Store Bypass disabled via prctl and seccomp
Oct 15 09:44:16 showkot-hp-probook-450g2 kernel: [    0.024000] MDS: Mitigation: Clear CPU buffers
Oct 15 09:44:16 showkot-hp-probook-450g2 kernel: [    0.033824] Freeing SMP alternatives memory: 36K
Oct 15 09:44:16 showkot-hp-probook-450g2 kernel: [    0.036076] TSC deadline timer enabled
Oct 15 09:44:16 showkot-hp-probook-450g2 kernel: [    0.036078] smpboot: CPU0: Intel(R) Core(TM) i5-5200U CPU @ 2.20GHz (family: 0x6, model: 0x3d, stepping: 0x4)
Oct 15 09:44:16 showkot-hp-probook-450g2 kernel: [    0.036157] Performance Events: PEBS fmt2+, Broadwell events, 16-deep LBR, full-width counters, Intel PMU driver.
Oct 15 09:44:16 showkot-hp-probook-450g2 kernel: [    0.036205] ... version:                3
Oct 15 09:44:16 showkot-hp-probook-450g2 kernel: [    0.036206] ... bit width:              48
Oct 15 09:44:16 showkot-hp-probook-450g2 kernel: [    0.036207] ... generic registers:      4
Oct 15 09:44:16 showkot-hp-probook-450g2 kernel: [    0.036207] ... value mask:             0000ffffffffffff
Oct 15 09:44:16 showkot-hp-probook-450g2 kernel: [    0.036208] ... max period:             00007fffffffffff
Oct 15 09:44:16 showkot-hp-probook-450g2 kernel: [    0.036208] ... fixed-purpose events:   3
Oct 15 09:44:16 showkot-hp-probook-450g2 kernel: [    0.036209] ... event mask:             000000070000000f
Oct 15 09:44:16 showkot-hp-probook-450g2 kernel: [    0.036251] Hierarchical SRCU implementation.
Oct 15 09:44:16 showkot-hp-probook-450g2 kernel: [    0.037717] NMI watchdog: Enabled. Permanently consumes one hw-PMU counter.
Oct 15 09:44:16 showkot-hp-probook-450g2 kernel: [    0.037732] smp: Bringing up secondary CPUs ...
Oct 15 09:44:16 showkot-hp-probook-450g2 kernel: [    0.037820] x86: Booting SMP configuration:
Oct 15 09:44:16 showkot-hp-probook-450g2 kernel: [    0.037821] .... node  #0, CPUs:      #1
Oct 15 09:44:16 showkot-hp-probook-450g2 kernel: [    0.038780] MDS CPU bug present and SMT on, data leak possible. See https://www.kernel.org/doc/html/latest/admin-guide/hw-vuln/mds.html for more details.
Oct 15 09:44:16 showkot-hp-probook-450g2 kernel: [    0.038780]  #2 #3
Oct 15 09:44:16 showkot-hp-probook-450g2 kernel: [    0.041378] smp: Brought up 1 node, 4 CPUs
Oct 15 09:44:16 showkot-hp-probook-450g2 kernel: [    0.041378] smpboot: Max logical packages: 2
Oct 15 09:44:16 showkot-hp-probook-450g2 kernel: [    0.041378] smpboot: Total of 4 processors activated (17559.77 BogoMIPS)
Oct 15 09:44:16 showkot-hp-probook-450g2 kernel: [    0.044193] devtmpfs: initialized
Oct 15 09:44:16 showkot-hp-probook-450g2 kernel: [    0.044193] x86/mm: Memory block size: 128MB
Oct 15 09:44:16 showkot-hp-probook-450g2 kernel: [    0.044445] evm: security.selinux
Oct 15 09:44:16 showkot-hp-probook-450g2 kernel: [    0.044446] evm: security.SMACK64
Oct 15 09:44:16 showkot-hp-probook-450g2 kernel: [    0.044446] evm: security.SMACK64EXEC
Oct 15 09:44:16 showkot-hp-probook-450g2 kernel: [    0.044447] evm: security.SMACK64TRANSMUTE
Oct 15 09:44:16 showkot-hp-probook-450g2 kernel: [    0.044447] evm: security.SMACK64MMAP
Oct 15 09:44:16 showkot-hp-probook-450g2 kernel: [    0.044448] evm: security.apparmor
Oct 15 09:44:16 showkot-hp-probook-450g2 kernel: [    0.044448] evm: security.ima
Oct 15 09:44:16 showkot-hp-probook-450g2 kernel: [    0.044449] evm: security.capability
Oct 15 09:44:16 showkot-hp-probook-450g2 kernel: [    0.044464] PM: Registering ACPI NVS region [mem 0xa9e7f000-0xa9f7efff] (1048576 bytes)
Oct 15 09:44:16 showkot-hp-probook-450g2 kernel: [    0.044464] clocksource: jiffies: mask: 0xffffffff max_cycles: 0xffffffff, max_idle_ns: 7645041785100000 ns
Oct 15 09:44:16 showkot-hp-probook-450g2 kernel: [    0.044464] futex hash table entries: 2048 (order: 5, 131072 bytes)
Oct 15 09:44:16 showkot-hp-probook-450g2 kernel: [    0.044464] pinctrl core: initialized pinctrl subsystem
Oct 15 09:44:16 showkot-hp-probook-450g2 kernel: [    0.044464] RTC time:  3:43:30, date: 10/15/19
Oct 15 09:44:16 showkot-hp-probook-450g2 kernel: [    0.044464] NET: Registered protocol family 16
Oct 15 09:44:16 showkot-hp-probook-450g2 kernel: [    0.044464] audit: initializing netlink subsys (disabled)
Oct 15 09:44:16 showkot-hp-probook-450g2 kernel: [    0.044464] audit: type=2000 audit(1571111010.044:1): state=initialized audit_enabled=0 res=1
Oct 15 09:44:16 showkot-hp-probook-450g2 kernel: [    0.044464] cpuidle: using governor ladder
Oct 15 09:44:16 showkot-hp-probook-450g2 kernel: [    0.044464] cpuidle: using governor menu
Oct 15 09:44:16 showkot-hp-probook-450g2 kernel: [    0.044464] ACPI FADT declares the system doesn't support PCIe ASPM, so disable it
Oct 15 09:44:16 showkot-hp-probook-450g2 kernel: [    0.044464] ACPI: bus type PCI registered
Oct 15 09:44:16 showkot-hp-probook-450g2 kernel: [    0.044464] acpiphp: ACPI Hot Plug PCI Controller Driver version: 0.5
Oct 15 09:44:16 showkot-hp-probook-450g2 kernel: [    0.044464] PCI: MMCONFIG for domain 0000 [bus 00-ff] at [mem 0xe0000000-0xefffffff] (base 0xe0000000)
Oct 15 09:44:16 showkot-hp-probook-450g2 kernel: [    0.044464] PCI: MMCONFIG at [mem 0xe0000000-0xefffffff] reserved in E820
Oct 15 09:44:16 showkot-hp-probook-450g2 kernel: [    0.044464] PCI: Using configuration type 1 for base access
Oct 15 09:44:16 showkot-hp-probook-450g2 kernel: [    0.044464] mtrr: your CPUs had inconsistent variable MTRR settings
Oct 15 09:44:16 showkot-hp-probook-450g2 kernel: [    0.044464] mtrr: probably your BIOS does not setup all CPUs.
Oct 15 09:44:16 showkot-hp-probook-450g2 kernel: [    0.044464] mtrr: corrected configuration.
Oct 15 09:44:16 showkot-hp-probook-450g2 kernel: [    0.045199] HugeTLB registered 1.00 GiB page size, pre-allocated 0 pages
Oct 15 09:44:16 showkot-hp-probook-450g2 kernel: [    0.045199] HugeTLB registered 2.00 MiB page size, pre-allocated 0 pages
Oct 15 09:44:16 showkot-hp-probook-450g2 kernel: [    0.045199] ACPI: Added _OSI(Module Device)
Oct 15 09:44:16 showkot-hp-probook-450g2 kernel: [    0.045199] ACPI: Added _OSI(Processor Device)
Oct 15 09:44:16 showkot-hp-probook-450g2 kernel: [    0.045199] ACPI: Added _OSI(3.0 _SCP Extensions)
Oct 15 09:44:16 showkot-hp-probook-450g2 kernel: [    0.045199] ACPI: Added _OSI(Processor Aggregator Device)
Oct 15 09:44:16 showkot-hp-probook-450g2 kernel: [    0.045199] ACPI: Added _OSI(Linux-Dell-Video)
Oct 15 09:44:16 showkot-hp-probook-450g2 kernel: [    0.045199] ACPI: Added _OSI(Linux-Lenovo-NV-HDMI-Audio)
Oct 15 09:44:16 showkot-hp-probook-450g2 kernel: [    0.045199] ACPI: Added _OSI(Linux-HPI-Hybrid-Graphics)
Oct 15 09:44:16 showkot-hp-probook-450g2 kernel: [    0.056000] ACPI: [Firmware Bug]: BIOS _OSI(Linux) query ignored
Oct 15 09:44:16 showkot-hp-probook-450g2 kernel: [    0.065031] ACPI: Dynamic OEM Table Load:
Oct 15 09:44:16 showkot-hp-probook-450g2 kernel: [    0.065038] ACPI: SSDT 0xFFFF90BBCAF77800 0003F3 (v02 PmRef  Cpu0Cst  00003001 INTL 20130927)
Oct 15 09:44:16 showkot-hp-probook-450g2 kernel: [    0.065686] ACPI: Dynamic OEM Table Load:
Oct 15 09:44:16 showkot-hp-probook-450g2 kernel: [    0.065692] ACPI: SSDT 0xFFFF90BBCAE2C000 0005DB (v02 PmRef  ApIst    00003000 INTL 20130927)
Oct 15 09:44:16 showkot-hp-probook-450g2 kernel: [    0.066391] ACPI: Dynamic OEM Table Load:
Oct 15 09:44:16 showkot-hp-probook-450g2 kernel: [    0.066396] ACPI: SSDT 0xFFFF90BBCA8B2800 000119 (v02 PmRef  ApCst    00003000 INTL 20130927)
Oct 15 09:44:16 showkot-hp-probook-450g2 kernel: [    0.067816] ACPI: EC: EC started
Oct 15 09:44:16 showkot-hp-probook-450g2 kernel: [    0.067817] ACPI: EC: interrupt blocked
Oct 15 09:44:16 showkot-hp-probook-450g2 kernel: [    3.281127] ACPI: \_SB_.PCI0.LPCB.EC0_: Used as first EC
Oct 15 09:44:16 showkot-hp-probook-450g2 kernel: [    3.281129] ACPI: \_SB_.PCI0.LPCB.EC0_: GPE=0x6, EC_CMD/EC_SC=0x66, EC_DATA=0x62
Oct 15 09:44:16 showkot-hp-probook-450g2 kernel: [    3.281130] ACPI: \_SB_.PCI0.LPCB.EC0_: Used as boot DSDT EC to handle transactions
Oct 15 09:44:16 showkot-hp-probook-450g2 kernel: [    3.281131] ACPI: Interpreter enabled
Oct 15 09:44:16 showkot-hp-probook-450g2 kernel: [    3.281162] ACPI: (supports S0 S3 S4 S5)
Oct 15 09:44:16 showkot-hp-probook-450g2 kernel: [    3.281163] ACPI: Using IOAPIC for interrupt routing
Oct 15 09:44:16 showkot-hp-probook-450g2 kernel: [    3.281188] PCI: Using host bridge windows from ACPI; if necessary, use "pci=nocrs" and report a bug
Oct 15 09:44:16 showkot-hp-probook-450g2 kernel: [    3.281643] ACPI: Enabled 7 GPEs in block 00 to 7F
Oct 15 09:44:16 showkot-hp-probook-450g2 kernel: [    3.284253] ACPI: Power Resource [APPR] (off)
Oct 15 09:44:16 showkot-hp-probook-450g2 kernel: [    3.287301] ACPI: Power Resource [COMP] (on)
Oct 15 09:44:16 showkot-hp-probook-450g2 kernel: [    3.287707] ACPI: Power Resource [LPP] (on)
Oct 15 09:44:16 showkot-hp-probook-450g2 kernel: [    3.288638] ACPI: Power Resource [PXP2] (on)
Oct 15 09:44:16 showkot-hp-probook-450g2 kernel: [    3.416442] ACPI: PCI Root Bridge [PCI0] (domain 0000 [bus 00-fe])
Oct 15 09:44:16 showkot-hp-probook-450g2 kernel: [    3.416448] acpi PNP0A08:00: _OSC: OS supports [ExtendedConfig ASPM ClockPM Segments MSI]
Oct 15 09:44:16 showkot-hp-probook-450g2 kernel: [    3.419424] acpi PNP0A08:00: _OSC: OS now controls [PCIeHotplug PME AER PCIeCapability]
Oct 15 09:44:16 showkot-hp-probook-450g2 kernel: [    3.419425] acpi PNP0A08:00: FADT indicates ASPM is unsupported, using BIOS configuration
Oct 15 09:44:16 showkot-hp-probook-450g2 kernel: [    3.420235] PCI host bridge to bus 0000:00
Oct 15 09:44:16 showkot-hp-probook-450g2 kernel: [    3.420237] pci_bus 0000:00: root bus resource [io  0x0000-0x0cf7 window]
Oct 15 09:44:16 showkot-hp-probook-450g2 kernel: [    3.420239] pci_bus 0000:00: root bus resource [io  0x0d00-0xffff window]
Oct 15 09:44:16 showkot-hp-probook-450g2 kernel: [    3.420240] pci_bus 0000:00: root bus resource [mem 0x000a0000-0x000bffff window]
Oct 15 09:44:16 showkot-hp-probook-450g2 kernel: [    3.420241] pci_bus 0000:00: root bus resource [mem 0xae800000-0xdfffffff window]
Oct 15 09:44:16 showkot-hp-probook-450g2 kernel: [    3.420242] pci_bus 0000:00: root bus resource [mem 0xf0000000-0xfed3ffff window]
Oct 15 09:44:16 showkot-hp-probook-450g2 kernel: [    3.420243] pci_bus 0000:00: root bus resource [mem 0xfed45000-0xfedfffff window]
Oct 15 09:44:16 showkot-hp-probook-450g2 kernel: [    3.420244] pci_bus 0000:00: root bus resource [mem 0xfee01000-0xffffffff window]
Oct 15 09:44:16 showkot-hp-probook-450g2 kernel: [    3.420246] pci_bus 0000:00: root bus resource [bus 00-fe]
Oct 15 09:44:16 showkot-hp-probook-450g2 kernel: [    3.420255] pci 0000:00:00.0: [8086:1604] type 00 class 0x060000
Oct 15 09:44:16 showkot-hp-probook-450g2 kernel: [    3.420413] pci 0000:00:02.0: [8086:1616] type 00 class 0x030000
Oct 15 09:44:16 showkot-hp-probook-450g2 kernel: [    3.420425] pci 0000:00:02.0: reg 0x10: [mem 0xc0000000-0xc0ffffff 64bit]
Oct 15 09:44:16 showkot-hp-probook-450g2 kernel: [    3.420432] pci 0000:00:02.0: reg 0x18: [mem 0xb0000000-0xbfffffff 64bit pref]
Oct 15 09:44:16 showkot-hp-probook-450g2 kernel: [    3.420436] pci 0000:00:02.0: reg 0x20: [io  0x7000-0x703f]
Oct 15 09:44:16 showkot-hp-probook-450g2 kernel: [    3.420609] pci 0000:00:03.0: [8086:160c] type 00 class 0x040300
Oct 15 09:44:16 showkot-hp-probook-450g2 kernel: [    3.420620] pci 0000:00:03.0: reg 0x10: [mem 0xc1410000-0xc1413fff 64bit]
Oct 15 09:44:16 showkot-hp-probook-450g2 kernel: [    3.420793] pci 0000:00:14.0: [8086:9cb1] type 00 class 0x0c0330
Oct 15 09:44:16 showkot-hp-probook-450g2 kernel: [    3.420810] pci 0000:00:14.0: reg 0x10: [mem 0xc1400000-0xc140ffff 64bit]
Oct 15 09:44:16 showkot-hp-probook-450g2 kernel: [    3.420864] pci 0000:00:14.0: PME# supported from D3hot D3cold
Oct 15 09:44:16 showkot-hp-probook-450g2 kernel: [    3.420993] pci 0000:00:16.0: [8086:9cba] type 00 class 0x078000
Oct 15 09:44:16 showkot-hp-probook-450g2 kernel: [    3.421015] pci 0000:00:16.0: reg 0x10: [mem 0xc141b000-0xc141b01f 64bit]
Oct 15 09:44:16 showkot-hp-probook-450g2 kernel: [    3.421088] pci 0000:00:16.0: PME# supported from D0 D3hot D3cold
Oct 15 09:44:16 showkot-hp-probook-450g2 kernel: [    3.421217] pci 0000:00:1b.0: [8086:9ca0] type 00 class 0x040300
Oct 15 09:44:16 showkot-hp-probook-450g2 kernel: [    3.421236] pci 0000:00:1b.0: reg 0x10: [mem 0xc1414000-0xc1417fff 64bit]
Oct 15 09:44:16 showkot-hp-probook-450g2 kernel: [    3.421297] pci 0000:00:1b.0: PME# supported from D0 D3hot D3cold
Oct 15 09:44:16 showkot-hp-probook-450g2 kernel: [    3.421422] pci 0000:00:1c.0: [8086:9c90] type 01 class 0x060400
Oct 15 09:44:16 showkot-hp-probook-450g2 kernel: [    3.421497] pci 0000:00:1c.0: PME# supported from D0 D3hot D3cold
Oct 15 09:44:16 showkot-hp-probook-450g2 kernel: [    3.421691] pci 0000:00:1c.1: [8086:9c92] type 01 class 0x060400
Oct 15 09:44:16 showkot-hp-probook-450g2 kernel: [    3.421769] pci 0000:00:1c.1: PME# supported from D0 D3hot D3cold
Oct 15 09:44:16 showkot-hp-probook-450g2 kernel: [    3.421957] pci 0000:00:1c.2: [8086:9c94] type 01 class 0x060400
Oct 15 09:44:16 showkot-hp-probook-450g2 kernel: [    3.422035] pci 0000:00:1c.2: PME# supported from D0 D3hot D3cold
Oct 15 09:44:16 showkot-hp-probook-450g2 kernel: [    3.422222] pci 0000:00:1c.3: [8086:9c96] type 01 class 0x060400
Oct 15 09:44:16 showkot-hp-probook-450g2 kernel: [    3.422299] pci 0000:00:1c.3: PME# supported from D0 D3hot D3cold
Oct 15 09:44:16 showkot-hp-probook-450g2 kernel: [    3.422494] pci 0000:00:1d.0: [8086:9ca6] type 00 class 0x0c0320
Oct 15 09:44:16 showkot-hp-probook-450g2 kernel: [    3.422514] pci 0000:00:1d.0: reg 0x10: [mem 0xc1419000-0xc14193ff]
Oct 15 09:44:16 showkot-hp-probook-450g2 kernel: [    3.422605] pci 0000:00:1d.0: PME# supported from D0 D3hot D3cold
Oct 15 09:44:16 showkot-hp-probook-450g2 kernel: [    3.422739] pci 0000:00:1f.0: [8086:9cc3] type 00 class 0x060100
Oct 15 09:44:16 showkot-hp-probook-450g2 kernel: [    3.422982] pci 0000:00:1f.2: [8086:9c83] type 00 class 0x010601
Oct 15 09:44:16 showkot-hp-probook-450g2 kernel: [    3.422996] pci 0000:00:1f.2: reg 0x10: [io  0x7088-0x708f]
Oct 15 09:44:16 showkot-hp-probook-450g2 kernel: [    3.423003] pci 0000:00:1f.2: reg 0x14: [io  0x7094-0x7097]
Oct 15 09:44:16 showkot-hp-probook-450g2 kernel: [    3.423009] pci 0000:00:1f.2: reg 0x18: [io  0x7080-0x7087]
Oct 15 09:44:16 showkot-hp-probook-450g2 kernel: [    3.423015] pci 0000:00:1f.2: reg 0x1c: [io  0x7090-0x7093]
Oct 15 09:44:16 showkot-hp-probook-450g2 kernel: [    3.423021] pci 0000:00:1f.2: reg 0x20: [io  0x7060-0x707f]
Oct 15 09:44:16 showkot-hp-probook-450g2 kernel: [    3.423028] pci 0000:00:1f.2: reg 0x24: [mem 0xc1418000-0xc14187ff]
Oct 15 09:44:16 showkot-hp-probook-450g2 kernel: [    3.423067] pci 0000:00:1f.2: PME# supported from D3hot
Oct 15 09:44:16 showkot-hp-probook-450g2 kernel: [    3.423224] pci 0000:00:1c.0: PCI bridge to [bus 01-06]
Oct 15 09:44:16 showkot-hp-probook-450g2 kernel: [    3.423228] pci 0000:00:1c.0:   bridge window [mem 0xc1300000-0xc13fffff]
Oct 15 09:44:16 showkot-hp-probook-450g2 kernel: [    3.423278] pci 0000:07:00.0: [10ec:5227] type 00 class 0xff0000
Oct 15 09:44:16 showkot-hp-probook-450g2 kernel: [    3.423307] pci 0000:07:00.0: reg 0x10: [mem 0xc1200000-0xc1200fff]
Oct 15 09:44:16 showkot-hp-probook-450g2 kernel: [    3.423454] pci 0000:07:00.0: supports D1 D2
Oct 15 09:44:16 showkot-hp-probook-450g2 kernel: [    3.423455] pci 0000:07:00.0: PME# supported from D1 D2 D3hot D3cold
Oct 15 09:44:16 showkot-hp-probook-450g2 kernel: [    3.432028] pci 0000:00:1c.1: PCI bridge to [bus 07]
Oct 15 09:44:16 showkot-hp-probook-450g2 kernel: [    3.432030] pci 0000:00:1c.1:   bridge window [io  0x5000-0x6fff]
Oct 15 09:44:16 showkot-hp-probook-450g2 kernel: [    3.432033] pci 0000:00:1c.1:   bridge window [mem 0xc1200000-0xc12fffff]
Oct 15 09:44:16 showkot-hp-probook-450g2 kernel: [    3.432098] pci 0000:08:00.0: [10ec:8168] type 00 class 0x020000
Oct 15 09:44:16 showkot-hp-probook-450g2 kernel: [    3.432128] pci 0000:08:00.0: reg 0x10: [io  0x4000-0x40ff]
Oct 15 09:44:16 showkot-hp-probook-450g2 kernel: [    3.432155] pci 0000:08:00.0: reg 0x18: [mem 0xc1104000-0xc1104fff 64bit]
Oct 15 09:44:16 showkot-hp-probook-450g2 kernel: [    3.432172] pci 0000:08:00.0: reg 0x20: [mem 0xc1100000-0xc1103fff 64bit]
Oct 15 09:44:16 showkot-hp-probook-450g2 kernel: [    3.432281] pci 0000:08:00.0: supports D1 D2
Oct 15 09:44:16 showkot-hp-probook-450g2 kernel: [    3.432282] pci 0000:08:00.0: PME# supported from D0 D1 D2 D3hot D3cold
Oct 15 09:44:16 showkot-hp-probook-450g2 kernel: [    3.448026] pci 0000:00:1c.2: PCI bridge to [bus 08]
Oct 15 09:44:16 showkot-hp-probook-450g2 kernel: [    3.448028] pci 0000:00:1c.2:   bridge window [io  0x4000-0x4fff]
Oct 15 09:44:16 showkot-hp-probook-450g2 kernel: [    3.448031] pci 0000:00:1c.2:   bridge window [mem 0xc1100000-0xc11fffff]
Oct 15 09:44:16 showkot-hp-probook-450g2 kernel: [    3.448097] pci 0000:09:00.0: [10ec:b723] type 00 class 0x028000
Oct 15 09:44:16 showkot-hp-probook-450g2 kernel: [    3.448129] pci 0000:09:00.0: reg 0x10: [io  0x3000-0x30ff]
Oct 15 09:44:16 showkot-hp-probook-450g2 kernel: [    3.448161] pci 0000:09:00.0: reg 0x18: [mem 0xc1000000-0xc1003fff 64bit]
Oct 15 09:44:16 showkot-hp-probook-450g2 kernel: [    3.448291] pci 0000:09:00.0: supports D1 D2
Oct 15 09:44:16 showkot-hp-probook-450g2 kernel: [    3.448292] pci 0000:09:00.0: PME# supported from D0 D1 D2 D3hot D3cold
Oct 15 09:44:16 showkot-hp-probook-450g2 kernel: [    3.464027] pci 0000:00:1c.3: PCI bridge to [bus 09]
Oct 15 09:44:16 showkot-hp-probook-450g2 kernel: [    3.464029] pci 0000:00:1c.3:   bridge window [io  0x3000-0x3fff]
Oct 15 09:44:16 showkot-hp-probook-450g2 kernel: [    3.464032] pci 0000:00:1c.3:   bridge window [mem 0xc1000000-0xc10fffff]
Oct 15 09:44:16 showkot-hp-probook-450g2 kernel: [    3.465301] ACPI: PCI Interrupt Link [LNKA] (IRQs 3 4 5 6 *10 11 12 14 15)
Oct 15 09:44:16 showkot-hp-probook-450g2 kernel: [    3.465370] ACPI: PCI Interrupt Link [LNKB] (IRQs 3 4 *5 6 10 11 12 14 15)
Oct 15 09:44:16 showkot-hp-probook-450g2 kernel: [    3.465436] ACPI: PCI Interrupt Link [LNKC] (IRQs 3 4 5 6 *10 11 12 14 15)
Oct 15 09:44:16 showkot-hp-probook-450g2 kernel: [    3.465501] ACPI: PCI Interrupt Link [LNKD] (IRQs 3 4 5 6 *10 11 12 14 15)
Oct 15 09:44:16 showkot-hp-probook-450g2 kernel: [    3.465566] ACPI: PCI Interrupt Link [LNKE] (IRQs 3 4 5 6 10 11 12 14 15) *0, disabled.
Oct 15 09:44:16 showkot-hp-probook-450g2 kernel: [    3.465631] ACPI: PCI Interrupt Link [LNKF] (IRQs 3 4 5 6 10 11 12 14 15) *0, disabled.
Oct 15 09:44:16 showkot-hp-probook-450g2 kernel: [    3.465697] ACPI: PCI Interrupt Link [LNKG] (IRQs 3 4 5 6 10 *11 12 14 15)
Oct 15 09:44:16 showkot-hp-probook-450g2 kernel: [    3.465761] ACPI: PCI Interrupt Link [LNKH] (IRQs 3 4 5 6 10 11 12 14 15) *0, disabled.
Oct 15 09:44:16 showkot-hp-probook-450g2 kernel: [    3.466302] ACPI: EC: interrupt unblocked
Oct 15 09:44:16 showkot-hp-probook-450g2 kernel: [    3.466310] ACPI: EC: event unblocked
Oct 15 09:44:16 showkot-hp-probook-450g2 kernel: [    3.466316] ACPI: \_SB_.PCI0.LPCB.EC0_: GPE=0x6, EC_CMD/EC_SC=0x66, EC_DATA=0x62
Oct 15 09:44:16 showkot-hp-probook-450g2 kernel: [    3.466318] ACPI: \_SB_.PCI0.LPCB.EC0_: Used as boot DSDT EC to handle transactions and events
Oct 15 09:44:16 showkot-hp-probook-450g2 kernel: [    3.466542] SCSI subsystem initialized
Oct 15 09:44:16 showkot-hp-probook-450g2 kernel: [    3.466556] libata version 3.00 loaded.
Oct 15 09:44:16 showkot-hp-probook-450g2 kernel: [    3.466556] pci 0000:00:02.0: vgaarb: setting as boot VGA device
Oct 15 09:44:16 showkot-hp-probook-450g2 kernel: [    3.466556] pci 0000:00:02.0: vgaarb: VGA device added: decodes=io+mem,owns=io+mem,locks=none
Oct 15 09:44:16 showkot-hp-probook-450g2 kernel: [    3.466556] pci 0000:00:02.0: vgaarb: bridge control possible
Oct 15 09:44:16 showkot-hp-probook-450g2 kernel: [    3.466556] vgaarb: loaded
Oct 15 09:44:16 showkot-hp-probook-450g2 kernel: [    3.466556] ACPI: bus type USB registered
Oct 15 09:44:16 showkot-hp-probook-450g2 kernel: [    3.466556] usbcore: registered new interface driver usbfs
Oct 15 09:44:16 showkot-hp-probook-450g2 kernel: [    3.466556] usbcore: registered new interface driver hub
Oct 15 09:44:16 showkot-hp-probook-450g2 kernel: [    3.466556] usbcore: registered new device driver usb
Oct 15 09:44:16 showkot-hp-probook-450g2 kernel: [    3.466556] EDAC MC: Ver: 3.0.0
Oct 15 09:44:16 showkot-hp-probook-450g2 kernel: [    3.466556] PCI: Using ACPI for IRQ routing
Oct 15 09:44:16 showkot-hp-probook-450g2 kernel: [    3.472292] PCI: pci_cache_line_size set to 64 bytes
Oct 15 09:44:16 showkot-hp-probook-450g2 kernel: [    3.472331] e820: reserve RAM buffer [mem 0x0009dc00-0x0009ffff]
Oct 15 09:44:16 showkot-hp-probook-450g2 kernel: [    3.472332] e820: reserve RAM buffer [mem 0xa8b7f000-0xabffffff]
Oct 15 09:44:16 showkot-hp-probook-450g2 kernel: [    3.472333] e820: reserve RAM buffer [mem 0xaa000000-0xabffffff]
Oct 15 09:44:16 showkot-hp-probook-450g2 kernel: [    3.472334] e820: reserve RAM buffer [mem 0x150800000-0x153ffffff]
Oct 15 09:44:16 showkot-hp-probook-450g2 kernel: [    3.472433] NetLabel: Initializing
Oct 15 09:44:16 showkot-hp-probook-450g2 kernel: [    3.472434] NetLabel:  domain hash size = 128
Oct 15 09:44:16 showkot-hp-probook-450g2 kernel: [    3.472434] NetLabel:  protocols = UNLABELED CIPSOv4 CALIPSO
Oct 15 09:44:16 showkot-hp-probook-450g2 kernel: [    3.472449] NetLabel:  unlabeled traffic allowed by default
Oct 15 09:44:16 showkot-hp-probook-450g2 kernel: [    3.472492] hpet0: at MMIO 0xfed00000, IRQs 2, 8, 0, 0, 0, 0, 0, 0
Oct 15 09:44:16 showkot-hp-probook-450g2 kernel: [    3.472497] hpet0: 8 comparators, 64-bit 14.318180 MHz counter
Oct 15 09:44:16 showkot-hp-probook-450g2 kernel: [    3.474521] clocksource: Switched to clocksource hpet
Oct 15 09:44:16 showkot-hp-probook-450g2 kernel: [    3.482977] VFS: Disk quotas dquot_6.6.0
Oct 15 09:44:16 showkot-hp-probook-450g2 kernel: [    3.482998] VFS: Dquot-cache hash table entries: 512 (order 0, 4096 bytes)
Oct 15 09:44:16 showkot-hp-probook-450g2 kernel: [    3.483110] AppArmor: AppArmor Filesystem Enabled
Oct 15 09:44:16 showkot-hp-probook-450g2 kernel: [    3.483140] pnp: PnP ACPI init
Oct 15 09:44:16 showkot-hp-probook-450g2 kernel: [    3.483458] system 00:00: [mem 0xfed1c000-0xfed1ffff] has been reserved
Oct 15 09:44:16 showkot-hp-probook-450g2 kernel: [    3.483460] system 00:00: [mem 0xfed10000-0xfed17fff] could not be reserved
Oct 15 09:44:16 showkot-hp-probook-450g2 kernel: [    3.483462] system 00:00: [mem 0xfed18000-0xfed18fff] has been reserved
Oct 15 09:44:16 showkot-hp-probook-450g2 kernel: [    3.483463] system 00:00: [mem 0xfed19000-0xfed19fff] has been reserved
Oct 15 09:44:16 showkot-hp-probook-450g2 kernel: [    3.483464] system 00:00: [mem 0x00000000-0x00000fff] could not be reserved
Oct 15 09:44:16 showkot-hp-probook-450g2 kernel: [    3.483466] system 00:00: [mem 0xe0000000-0xefffffff] has been reserved
Oct 15 09:44:16 showkot-hp-probook-450g2 kernel: [    3.483467] system 00:00: [mem 0xfed20000-0xfed3ffff] has been reserved
Oct 15 09:44:16 showkot-hp-probook-450g2 kernel: [    3.483468] system 00:00: [mem 0xfed90000-0xfed93fff] has been reserved
Oct 15 09:44:16 showkot-hp-probook-450g2 kernel: [    3.483470] system 00:00: [mem 0xfed45000-0xfed8ffff] has been reserved
Oct 15 09:44:16 showkot-hp-probook-450g2 kernel: [    3.483471] system 00:00: [mem 0xfec00000-0xfec00fff] could not be reserved
Oct 15 09:44:16 showkot-hp-probook-450g2 kernel: [    3.483472] system 00:00: [mem 0xae810000-0xae81ffff] has been reserved
Oct 15 09:44:16 showkot-hp-probook-450g2 kernel: [    3.483474] system 00:00: [mem 0xae800000-0xae80ffff] has been reserved
Oct 15 09:44:16 showkot-hp-probook-450g2 kernel: [    3.483479] system 00:00: Plug and Play ACPI device, IDs PNP0c02 (active)
Oct 15 09:44:16 showkot-hp-probook-450g2 kernel: [    3.483699] system 00:01: [io  0x0200-0x020f] has been reserved
Oct 15 09:44:16 showkot-hp-probook-450g2 kernel: [    3.483700] system 00:01: [io  0x0220-0x027f] has been reserved
Oct 15 09:44:16 showkot-hp-probook-450g2 kernel: [    3.483702] system 00:01: [io  0xffff] has been reserved
Oct 15 09:44:16 showkot-hp-probook-450g2 kernel: [    3.483703] system 00:01: [io  0xffff] has been reserved
Oct 15 09:44:16 showkot-hp-probook-450g2 kernel: [    3.483704] system 00:01: [io  0xffff] has been reserved
Oct 15 09:44:16 showkot-hp-probook-450g2 kernel: [    3.483705] system 00:01: [io  0x1800-0x18fe] has been reserved
Oct 15 09:44:16 showkot-hp-probook-450g2 kernel: [    3.483707] system 00:01: [io  0xef80-0xef9f] has been reserved
Oct 15 09:44:16 showkot-hp-probook-450g2 kernel: [    3.483710] system 00:01: Plug and Play ACPI device, IDs PNP0c02 (active)
Oct 15 09:44:16 showkot-hp-probook-450g2 kernel: [    3.483770] pnp 00:02: Plug and Play ACPI device, IDs PNP0b00 (active)
Oct 15 09:44:16 showkot-hp-probook-450g2 kernel: [    3.483934] pnp 00:03: Plug and Play ACPI device, IDs HPQ8002 PNP0303 (active)
Oct 15 09:44:16 showkot-hp-probook-450g2 kernel: [    3.483956] pnp 00:04: Plug and Play ACPI device, IDs SYN301e SYN0100 SYN0002 PNP0f13 (active)
Oct 15 09:44:16 showkot-hp-probook-450g2 kernel: [    3.484634] pnp 00:05: Plug and Play ACPI device, IDs IFX0102 PNP0c31 (active)
Oct 15 09:44:16 showkot-hp-probook-450g2 kernel: [    3.484698] pnp: PnP ACPI: found 6 devices
Oct 15 09:44:16 showkot-hp-probook-450g2 kernel: [    3.490742] clocksource: acpi_pm: mask: 0xffffff max_cycles: 0xffffff, max_idle_ns: 2085701024 ns
Oct 15 09:44:16 showkot-hp-probook-450g2 kernel: [    3.490761] pci 0000:00:1c.1: bridge window [mem 0x00100000-0x000fffff 64bit pref] to [bus 07] add_size 200000 add_align 100000
Oct 15 09:44:16 showkot-hp-probook-450g2 kernel: [    3.490780] pci 0000:00:1c.1: BAR 15: assigned [mem 0xae900000-0xaeafffff 64bit pref]
Oct 15 09:44:16 showkot-hp-probook-450g2 kernel: [    3.490782] pci 0000:00:1c.0: PCI bridge to [bus 01-06]
Oct 15 09:44:16 showkot-hp-probook-450g2 kernel: [    3.490786] pci 0000:00:1c.0:   bridge window [mem 0xc1300000-0xc13fffff]
Oct 15 09:44:16 showkot-hp-probook-450g2 kernel: [    3.490793] pci 0000:00:1c.1: PCI bridge to [bus 07]
Oct 15 09:44:16 showkot-hp-probook-450g2 kernel: [    3.490795] pci 0000:00:1c.1:   bridge window [io  0x5000-0x6fff]
Oct 15 09:44:16 showkot-hp-probook-450g2 kernel: [    3.490798] pci 0000:00:1c.1:   bridge window [mem 0xc1200000-0xc12fffff]
Oct 15 09:44:16 showkot-hp-probook-450g2 kernel: [    3.490801] pci 0000:00:1c.1:   bridge window [mem 0xae900000-0xaeafffff 64bit pref]
Oct 15 09:44:16 showkot-hp-probook-450g2 kernel: [    3.490806] pci 0000:00:1c.2: PCI bridge to [bus 08]
Oct 15 09:44:16 showkot-hp-probook-450g2 kernel: [    3.490807] pci 0000:00:1c.2:   bridge window [io  0x4000-0x4fff]
Oct 15 09:44:16 showkot-hp-probook-450g2 kernel: [    3.490811] pci 0000:00:1c.2:   bridge window [mem 0xc1100000-0xc11fffff]
Oct 15 09:44:16 showkot-hp-probook-450g2 kernel: [    3.490817] pci 0000:00:1c.3: PCI bridge to [bus 09]
Oct 15 09:44:16 showkot-hp-probook-450g2 kernel: [    3.490819] pci 0000:00:1c.3:   bridge window [io  0x3000-0x3fff]
Oct 15 09:44:16 showkot-hp-probook-450g2 kernel: [    3.490822] pci 0000:00:1c.3:   bridge window [mem 0xc1000000-0xc10fffff]
Oct 15 09:44:16 showkot-hp-probook-450g2 kernel: [    3.490829] pci_bus 0000:00: resource 4 [io  0x0000-0x0cf7 window]
Oct 15 09:44:16 showkot-hp-probook-450g2 kernel: [    3.490830] pci_bus 0000:00: resource 5 [io  0x0d00-0xffff window]
Oct 15 09:44:16 showkot-hp-probook-450g2 kernel: [    3.490832] pci_bus 0000:00: resource 6 [mem 0x000a0000-0x000bffff window]
Oct 15 09:44:16 showkot-hp-probook-450g2 kernel: [    3.490833] pci_bus 0000:00: resource 7 [mem 0xae800000-0xdfffffff window]
Oct 15 09:44:16 showkot-hp-probook-450g2 kernel: [    3.490834] pci_bus 0000:00: resource 8 [mem 0xf0000000-0xfed3ffff window]
Oct 15 09:44:16 showkot-hp-probook-450g2 kernel: [    3.490835] pci_bus 0000:00: resource 9 [mem 0xfed45000-0xfedfffff window]
Oct 15 09:44:16 showkot-hp-probook-450g2 kernel: [    3.490836] pci_bus 0000:00: resource 10 [mem 0xfee01000-0xffffffff window]
Oct 15 09:44:16 showkot-hp-probook-450g2 kernel: [    3.490837] pci_bus 0000:01: resource 1 [mem 0xc1300000-0xc13fffff]
Oct 15 09:44:16 showkot-hp-probook-450g2 kernel: [    3.490839] pci_bus 0000:07: resource 0 [io  0x5000-0x6fff]
Oct 15 09:44:16 showkot-hp-probook-450g2 kernel: [    3.490840] pci_bus 0000:07: resource 1 [mem 0xc1200000-0xc12fffff]
Oct 15 09:44:16 showkot-hp-probook-450g2 kernel: [    3.490841] pci_bus 0000:07: resource 2 [mem 0xae900000-0xaeafffff 64bit pref]
Oct 15 09:44:16 showkot-hp-probook-450g2 kernel: [    3.490842] pci_bus 0000:08: resource 0 [io  0x4000-0x4fff]
Oct 15 09:44:16 showkot-hp-probook-450g2 kernel: [    3.490843] pci_bus 0000:08: resource 1 [mem 0xc1100000-0xc11fffff]
Oct 15 09:44:16 showkot-hp-probook-450g2 kernel: [    3.490844] pci_bus 0000:09: resource 0 [io  0x3000-0x3fff]
Oct 15 09:44:16 showkot-hp-probook-450g2 kernel: [    3.490845] pci_bus 0000:09: resource 1 [mem 0xc1000000-0xc10fffff]
Oct 15 09:44:16 showkot-hp-probook-450g2 kernel: [    3.490970] NET: Registered protocol family 2
Oct 15 09:44:16 showkot-hp-probook-450g2 kernel: [    3.491139] TCP established hash table entries: 32768 (order: 6, 262144 bytes)
Oct 15 09:44:16 showkot-hp-probook-450g2 kernel: [    3.491199] TCP bind hash table entries: 32768 (order: 7, 524288 bytes)
Oct 15 09:44:16 showkot-hp-probook-450g2 kernel: [    3.491292] TCP: Hash tables configured (established 32768 bind 32768)
Oct 15 09:44:16 showkot-hp-probook-450g2 kernel: [    3.491331] UDP hash table entries: 2048 (order: 4, 65536 bytes)
Oct 15 09:44:16 showkot-hp-probook-450g2 kernel: [    3.491345] UDP-Lite hash table entries: 2048 (order: 4, 65536 bytes)
Oct 15 09:44:16 showkot-hp-probook-450g2 kernel: [    3.491402] NET: Registered protocol family 1
Oct 15 09:44:16 showkot-hp-probook-450g2 kernel: [    3.491414] pci 0000:00:02.0: Video device with shadowed ROM at [mem 0x000c0000-0x000dffff]
Oct 15 09:44:16 showkot-hp-probook-450g2 kernel: [    3.491421] pci 0000:00:14.0: enabling device (0000 -> 0002)
Oct 15 09:44:16 showkot-hp-probook-450g2 kernel: [    3.492084] PCI: CLS 64 bytes, default 64
Oct 15 09:44:16 showkot-hp-probook-450g2 kernel: [    3.492120] Unpacking initramfs...
Oct 15 09:44:16 showkot-hp-probook-450g2 kernel: [    4.076918] Freeing initrd memory: 37920K
Oct 15 09:44:16 showkot-hp-probook-450g2 kernel: [    4.076937] PCI-DMA: Using software bounce buffering for IO (SWIOTLB)
Oct 15 09:44:16 showkot-hp-probook-450g2 kernel: [    4.076939] software IO TLB: mapped [mem 0xa4b7f000-0xa8b7f000] (64MB)
Oct 15 09:44:16 showkot-hp-probook-450g2 kernel: [    4.077029] resource sanity check: requesting [mem 0xfed10000-0xfed15fff], which spans more than Reserved [mem 0xfed10000-0xfed13fff]
Oct 15 09:44:16 showkot-hp-probook-450g2 kernel: [    4.077033] caller snb_uncore_imc_init_box+0x6c/0xb0 mapping multiple BARs
Oct 15 09:44:16 showkot-hp-probook-450g2 kernel: [    4.077215] Scanning for low memory corruption every 60 seconds
Oct 15 09:44:16 showkot-hp-probook-450g2 kernel: [    4.077917] Initialise system trusted keyrings
Oct 15 09:44:16 showkot-hp-probook-450g2 kernel: [    4.077925] Key type blacklist registered
Oct 15 09:44:16 showkot-hp-probook-450g2 kernel: [    4.077959] workingset: timestamp_bits=36 max_order=20 bucket_order=0
Oct 15 09:44:16 showkot-hp-probook-450g2 kernel: [    4.079101] zbud: loaded
Oct 15 09:44:16 showkot-hp-probook-450g2 kernel: [    4.079650] squashfs: version 4.0 (2009/01/31) Phillip Lougher
Oct 15 09:44:16 showkot-hp-probook-450g2 kernel: [    4.079777] fuse init (API version 7.26)
Oct 15 09:44:16 showkot-hp-probook-450g2 kernel: [    4.081331] Key type asymmetric registered
Oct 15 09:44:16 showkot-hp-probook-450g2 kernel: [    4.081332] Asymmetric key parser 'x509' registered
Oct 15 09:44:16 showkot-hp-probook-450g2 kernel: [    4.081369] Block layer SCSI generic (bsg) driver version 0.4 loaded (major 246)
Oct 15 09:44:16 showkot-hp-probook-450g2 kernel: [    4.081415] io scheduler noop registered
Oct 15 09:44:16 showkot-hp-probook-450g2 kernel: [    4.081415] io scheduler deadline registered
Oct 15 09:44:16 showkot-hp-probook-450g2 kernel: [    4.081441] io scheduler cfq registered (default)
Oct 15 09:44:16 showkot-hp-probook-450g2 kernel: [    4.082538] pcieport 0000:00:1c.0: Signaling PME with IRQ 40
Oct 15 09:44:16 showkot-hp-probook-450g2 kernel: [    4.082561] pcieport 0000:00:1c.1: Signaling PME with IRQ 41
Oct 15 09:44:16 showkot-hp-probook-450g2 kernel: [    4.082580] pcieport 0000:00:1c.2: Signaling PME with IRQ 42
Oct 15 09:44:16 showkot-hp-probook-450g2 kernel: [    4.082595] pcieport 0000:00:1c.3: Signaling PME with IRQ 43
Oct 15 09:44:16 showkot-hp-probook-450g2 kernel: [    4.082612] pciehp 0000:00:1c.1:pcie004: Slot #1 AttnBtn- PwrCtrl- MRL- AttnInd- PwrInd- HotPlug+ Surprise+ Interlock- NoCompl+ LLActRep+
Oct 15 09:44:16 showkot-hp-probook-450g2 kernel: [    4.082697] vesafb: mode is 1366x768x32, linelength=5504, pages=0
Oct 15 09:44:16 showkot-hp-probook-450g2 kernel: [    4.082698] vesafb: scrolling: redraw
Oct 15 09:44:16 showkot-hp-probook-450g2 kernel: [    4.082699] vesafb: Truecolor: size=8:8:8:8, shift=24:16:8:0
Oct 15 09:44:16 showkot-hp-probook-450g2 kernel: [    4.082710] vesafb: framebuffer at 0xb0000000, mapped to 0x        (ptrval), using 4160k, total 4160k
Oct 15 09:44:16 showkot-hp-probook-450g2 kernel: [    4.082799] Console: switching to colour frame buffer device 170x48
Oct 15 09:44:16 showkot-hp-probook-450g2 kernel: [    4.082817] fb0: VESA VGA frame buffer device
Oct 15 09:44:16 showkot-hp-probook-450g2 kernel: [    4.082832] intel_idle: MWAIT substates: 0x11142120
Oct 15 09:44:16 showkot-hp-probook-450g2 kernel: [    4.082832] intel_idle: v0.4.1 model 0x3D
Oct 15 09:44:16 showkot-hp-probook-450g2 kernel: [    4.083025] intel_idle: lapic_timer_reliable_states 0xffffffff
Oct 15 09:44:16 showkot-hp-probook-450g2 kernel: [    4.524169] ACPI: AC Adapter [AC] (off-line)
Oct 15 09:44:16 showkot-hp-probook-450g2 kernel: [    4.524245] input: Sleep Button as /devices/LNXSYSTM:00/LNXSYBUS:00/PNP0C0E:00/input/input0
Oct 15 09:44:16 showkot-hp-probook-450g2 kernel: [    4.524253] ACPI: Sleep Button [SLPB]
Oct 15 09:44:16 showkot-hp-probook-450g2 kernel: [    4.524286] input: Lid Switch as /devices/LNXSYSTM:00/LNXSYBUS:00/PNP0C0D:00/input/input1
Oct 15 09:44:16 showkot-hp-probook-450g2 kernel: [    4.524291] ACPI: Lid Switch [LID]
Oct 15 09:44:16 showkot-hp-probook-450g2 kernel: [    4.524321] input: Power Button as /devices/LNXSYSTM:00/LNXPWRBN:00/input/input2
Oct 15 09:44:16 showkot-hp-probook-450g2 kernel: [    4.524347] ACPI: Power Button [PWRF]
Oct 15 09:44:16 showkot-hp-probook-450g2 kernel: [    4.543830] (NULL device *): hwmon_device_register() is deprecated. Please convert the driver to use hwmon_device_register_with_info().
Oct 15 09:44:16 showkot-hp-probook-450g2 kernel: [    4.548888] thermal LNXTHERM:00: registered as thermal_zone0
Oct 15 09:44:16 showkot-hp-probook-450g2 kernel: [    4.548890] ACPI: Thermal Zone [CPUZ] (36 C)
Oct 15 09:44:16 showkot-hp-probook-450g2 kernel: [    4.573329] thermal LNXTHERM:01: registered as thermal_zone1
Oct 15 09:44:16 showkot-hp-probook-450g2 kernel: [    4.573330] ACPI: Thermal Zone [GFXZ] (0 C)
Oct 15 09:44:16 showkot-hp-probook-450g2 kernel: [    4.588520] thermal LNXTHERM:02: registered as thermal_zone2
Oct 15 09:44:16 showkot-hp-probook-450g2 kernel: [    4.588522] ACPI: Thermal Zone [EXTZ] (0 C)
Oct 15 09:44:16 showkot-hp-probook-450g2 kernel: [    4.604848] thermal LNXTHERM:03: registered as thermal_zone3
Oct 15 09:44:16 showkot-hp-probook-450g2 kernel: [    4.604849] ACPI: Thermal Zone [LOCZ] (0 C)
Oct 15 09:44:16 showkot-hp-probook-450g2 kernel: [    4.620199] thermal LNXTHERM:04: registered as thermal_zone4
Oct 15 09:44:16 showkot-hp-probook-450g2 kernel: [    4.620201] ACPI: Thermal Zone [BATZ] (29 C)
